ARM Linker, 4.1 [Build 481] [Evaluation]

==============================================================================

Section Cross References

    startup.o(STACK) refers (Special) to heapauxi.o(.text) for __use_two_region_memory
    startup.o(HEAP) refers (Special) to heapauxi.o(.text) for __use_two_region_memory
    startup.o(RESET) refers (Special) to heapauxi.o(.text) for __use_two_region_memory
    startup.o(RESET) refers to startup.o(STACK) for Stack_Top
    startup.o(RESET) refers to __main.o(!!!main) for __main
    startup.o(.text) refers (Special) to heapauxi.o(.text) for __use_two_region_memory
    startup.o(.text) refers to startup.o(HEAP) for Heap_Mem
    startup.o(.text) refers to startup.o(STACK) for Stack_Mem
    i2c.o(.text) refers to _printf_percent.o(.ARM.Collect$$_printf_percent$$00000000) for _printf_percent
    i2c.o(.text) refers to _printf_d.o(.ARM.Collect$$_printf_percent$$00000009) for _printf_d
    i2c.o(.text) refers to _printf_dec.o(.text) for _printf_int_dec
    i2c.o(.text) refers to delay.o(.text) for delay_ms
    i2c.o(.text) refers to lcd.o(.text) for CmdLCD
    i2c.o(.text) refers to noretval__2sprintf.o(.text) for __2sprintf
    i2c.o(.text) refers to i2c.o(.bss) for EEPROM
    kpm.o(.text) refers to lcd.o(.text) for CharLCD
    kpm.o(.text) refers to delay.o(.text) for delay_ms
    kpm.o(.text) refers to kpm.o(.data) for kpmLUT
    lcd.o(.text) refers to delay.o(.text) for delay_us
    lcd.o(.text) refers to aeabi_sdiv.o(.text_udiv) for __aeabi_uidivmod
    lcd.o(.text) refers to f2d.o(x$fpl$f2d) for __aeabi_f2d
    lcd.o(.text) refers to dleqf.o(x$fpl$dleqf) for __aeabi_cdcmple
    lcd.o(.text) refers to ffixu.o(x$fpl$ffixu) for __aeabi_f2uiz
    lcd.o(.text) refers to fflt_noclz.o(x$fpl$ffltu) for __aeabi_ui2f
    lcd.o(.text) refers to faddsub_noclz.o(x$fpl$frsb) for __aeabi_frsub
    lcd.o(.text) refers to fmul.o(x$fpl$fmul) for __aeabi_fmul
    project_main.o(.text) refers to kpm.o(.text) for KeyScan
    project_main.o(.text) refers to delay.o(.text) for delay_ms
    project_main.o(.text) refers to lcd.o(.text) for CmdLCD
    project_main.o(.text) refers to uart_int_test.o(.text) for InitUART0
    project_main.o(.text) refers to i2c.o(.text) for init_i2c
    project_main.o(.text) refers to strcpy.o(.text) for strcpy
    project_main.o(.text) refers to strcmp.o(.text) for strcmp
    project_main.o(.text) refers to project_main.o(.data) for cycleSymbol
    project_main.o(.text) refers to project_main.o(.constdata) for .constdata
    project_main.o(.text) refers to globel.o(.bss) for buff
    project_main.o(.constdata) refers to project_main.o(.conststring) for .conststring
    uart_int_test.o(.text) refers to aeabi_sdiv.o(.text_udiv) for __aeabi_uidivmod
    uart_int_test.o(.text) refers to ffix.o(x$fpl$ffix) for __aeabi_f2iz
    uart_int_test.o(.text) refers to fflt_noclz.o(x$fpl$fflt) for __aeabi_i2f
    uart_int_test.o(.text) refers to faddsub_noclz.o(x$fpl$frsb) for __aeabi_frsub
    uart_int_test.o(.text) refers to fmul.o(x$fpl$fmul) for __aeabi_fmul
    uart_int_test.o(.text) refers to uart_int_test.o(.data) for ch
    uart_int_test.o(.text) refers to globel.o(.bss) for buff
    __2sprintf.o(.text) refers to _printf_char_common.o(.text) for _printf_char_common
    __2sprintf.o(.text) refers to _sputc.o(.text) for _sputc
    noretval__2sprintf.o(.text) refers to _printf_char_common.o(.text) for _printf_char_common
    noretval__2sprintf.o(.text) refers to _sputc.o(.text) for _sputc
    __printf.o(.text) refers to __printf.o(i.__ARM_common_call_via_r1) for __ARM_common_call_via_r1
    __printf.o(.text) refers to _printf_percent.o(.ARM.Collect$$_printf_percent$$00000000) for _printf_percent
    __printf.o(.text) refers to __printf.o(i.__ARM_common_call_via_r2) for __ARM_common_call_via_r2
    _printf_dec.o(.text) refers to rtudiv10.o(.text) for __rt_udiv10
    _printf_dec.o(.text) refers to _printf_intcommon.o(.text) for _printf_int_common
    __printf_flags.o(.text) refers to __printf.o(i.__ARM_common_call_via_r1) for __ARM_common_call_via_r1
    __printf_flags.o(.text) refers to _printf_percent.o(.ARM.Collect$$_printf_percent$$00000000) for _printf_percent
    __printf_flags.o(.text) refers to __printf.o(i.__ARM_common_call_via_r2) for __ARM_common_call_via_r2
    __printf_flags.o(.text) refers to __printf_flags.o(.constdata) for .constdata
    __printf_ss.o(.text) refers to __printf.o(i.__ARM_common_call_via_r1) for __ARM_common_call_via_r1
    __printf_ss.o(.text) refers to _printf_percent.o(.ARM.Collect$$_printf_percent$$00000000) for _printf_percent
    __printf_ss.o(.text) refers to __printf.o(i.__ARM_common_call_via_r2) for __ARM_common_call_via_r2
    __printf_flags_ss.o(.text) refers to __printf.o(i.__ARM_common_call_via_r1) for __ARM_common_call_via_r1
    __printf_flags_ss.o(.text) refers to _printf_percent.o(.ARM.Collect$$_printf_percent$$00000000) for _printf_percent
    __printf_flags_ss.o(.text) refers to __printf.o(i.__ARM_common_call_via_r2) for __ARM_common_call_via_r2
    __printf_flags_ss.o(.text) refers to __printf_flags_ss.o(.constdata) for .constdata
    __printf_wp.o(.text) refers to __printf.o(i.__ARM_common_call_via_r1) for __ARM_common_call_via_r1
    __printf_wp.o(.text) refers to _printf_percent.o(.ARM.Collect$$_printf_percent$$00000000) for _printf_percent
    __printf_wp.o(.text) refers to __printf.o(i.__ARM_common_call_via_r2) for __ARM_common_call_via_r2
    __printf_flags_wp.o(.text) refers to __printf.o(i.__ARM_common_call_via_r1) for __ARM_common_call_via_r1
    __printf_flags_wp.o(.text) refers to _printf_percent.o(.ARM.Collect$$_printf_percent$$00000000) for _printf_percent
    __printf_flags_wp.o(.text) refers to __printf.o(i.__ARM_common_call_via_r2) for __ARM_common_call_via_r2
    __printf_flags_wp.o(.text) refers to __printf_flags_wp.o(.constdata) for .constdata
    __printf_ss_wp.o(.text) refers to __printf.o(i.__ARM_common_call_via_r1) for __ARM_common_call_via_r1
    __printf_ss_wp.o(.text) refers to _printf_percent.o(.ARM.Collect$$_printf_percent$$00000000) for _printf_percent
    __printf_ss_wp.o(.text) refers to __printf.o(i.__ARM_common_call_via_r2) for __ARM_common_call_via_r2
    __printf_flags_ss_wp.o(.text) refers to __printf.o(i.__ARM_common_call_via_r1) for __ARM_common_call_via_r1
    __printf_flags_ss_wp.o(.text) refers to _printf_percent.o(.ARM.Collect$$_printf_percent$$00000000) for _printf_percent
    __printf_flags_ss_wp.o(.text) refers to __printf.o(i.__ARM_common_call_via_r2) for __ARM_common_call_via_r2
    __printf_flags_ss_wp.o(.text) refers to __printf_flags_ss_wp.o(.constdata) for .constdata
    _printf_d.o(.ARM.Collect$$_printf_percent$$00000009) refers (Weak) to _printf_dec.o(.text) for _printf_int_dec
    _printf_percent.o(.ARM.Collect$$_printf_percent$$00000000) refers (Special) to _printf_percent_end.o(.ARM.Collect$$_printf_percent$$00000017) for _printf_percent_end
    aeabi_sdiv.o(.text_udiv) refers to aeabi_sdiv.o(.text) for __arm_div2
    aeabi_sdiv_div0.o(.text_udiv) refers to aeabi_sdiv_div0.o(.text) for __arm_div2
    __main.o(!!!main) refers to rtentry.o(.ARM.Collect$$rtentry$$00000000) for __rt_entry
    dleqf.o(x$fpl$dleqf) refers (Special) to usenofp.o(x$fpl$usenofp) for __I$use$fp
    dleqf.o(x$fpl$dleqf) refers to dnaninf.o(x$fpl$dnaninf) for __fpl_dnaninf
    dleqf.o(x$fpl$dleqf) refers to dcmpi.o(x$fpl$dcmpinf) for __fpl_dcmp_Inf
    f2d.o(x$fpl$f2d) refers (Special) to usenofp.o(x$fpl$usenofp) for __I$use$fp
    f2d.o(x$fpl$f2d) refers to fnaninf.o(x$fpl$fnaninf) for __fpl_fnaninf
    f2d.o(x$fpl$f2d) refers to dretinf.o(x$fpl$dretinf) for __fpl_dretinf
    faddsub_noclz.o(x$fpl$fadd) refers (Special) to usenofp.o(x$fpl$usenofp) for __I$use$fp
    faddsub_noclz.o(x$fpl$fadd) refers to faddsub_noclz.o(x$fpl$fsub) for _fsub1
    faddsub_noclz.o(x$fpl$fadd) refers to fretinf.o(x$fpl$fretinf) for __fpl_fretinf
    faddsub_noclz.o(x$fpl$fadd) refers to fnaninf.o(x$fpl$fnaninf) for __fpl_fnaninf
    faddsub_noclz.o(x$fpl$frsb) refers (Special) to usenofp.o(x$fpl$usenofp) for __I$use$fp
    faddsub_noclz.o(x$fpl$frsb) refers to faddsub_noclz.o(x$fpl$fadd) for _fadd1
    faddsub_noclz.o(x$fpl$frsb) refers to faddsub_noclz.o(x$fpl$fsub) for _fsub1
    faddsub_noclz.o(x$fpl$fsub) refers (Special) to usenofp.o(x$fpl$usenofp) for __I$use$fp
    faddsub_noclz.o(x$fpl$fsub) refers to faddsub_noclz.o(x$fpl$fadd) for _fadd1
    faddsub_noclz.o(x$fpl$fsub) refers to fnaninf.o(x$fpl$fnaninf) for __fpl_fnaninf
    ffix.o(x$fpl$ffix) refers (Special) to usenofp.o(x$fpl$usenofp) for __I$use$fp
    ffix.o(x$fpl$ffix) refers to fnaninf.o(x$fpl$fnaninf) for __fpl_fnaninf
    ffix.o(x$fpl$ffixr) refers (Special) to usenofp.o(x$fpl$usenofp) for __I$use$fp
    ffix.o(x$fpl$ffixr) refers to fnaninf.o(x$fpl$fnaninf) for __fpl_fnaninf
    ffixu.o(x$fpl$ffixu) refers (Special) to usenofp.o(x$fpl$usenofp) for __I$use$fp
    ffixu.o(x$fpl$ffixu) refers to fnaninf.o(x$fpl$fnaninf) for __fpl_fnaninf
    ffixu.o(x$fpl$ffixur) refers (Special) to usenofp.o(x$fpl$usenofp) for __I$use$fp
    ffixu.o(x$fpl$ffixur) refers to fnaninf.o(x$fpl$fnaninf) for __fpl_fnaninf
    fflt_noclz.o(x$fpl$ffltu) refers (Special) to usenofp.o(x$fpl$usenofp) for __I$use$fp
    fflt_noclz.o(x$fpl$ffltu) refers to fflt_noclz.o(x$fpl$fflt) for __fflt_normalise
    fflt_noclz.o(x$fpl$fflt) refers (Special) to usenofp.o(x$fpl$usenofp) for __I$use$fp
    fmul.o(x$fpl$fmul) refers (Special) to usenofp.o(x$fpl$usenofp) for __I$use$fp
    fmul.o(x$fpl$fmul) refers to fretinf.o(x$fpl$fretinf) for __fpl_fretinf
    fmul.o(x$fpl$fmul) refers to fnaninf.o(x$fpl$fnaninf) for __fpl_fnaninf
    rtentry.o(.ARM.Collect$$rtentry$$00000000) refers (Special) to rtentry2.o(.ARM.Collect$$rtentry$$0000000A) for __rt_entry_li
    rtentry.o(.ARM.Collect$$rtentry$$00000000) refers (Special) to rtentry2.o(.ARM.Collect$$rtentry$$0000000D) for __rt_entry_main
    rtentry.o(.ARM.Collect$$rtentry$$00000000) refers (Special) to rtentry2.o(.ARM.Collect$$rtentry$$0000000C) for __rt_entry_postli_1
    rtentry.o(.ARM.Collect$$rtentry$$00000000) refers (Special) to rtentry2.o(.ARM.Collect$$rtentry$$00000009) for __rt_entry_postsh_1
    rtentry.o(.ARM.Collect$$rtentry$$00000000) refers (Special) to rtentry2.o(.ARM.Collect$$rtentry$$00000002) for __rt_entry_presh_1
    rtentry.o(.ARM.Collect$$rtentry$$00000000) refers (Special) to rtentry4.o(.ARM.Collect$$rtentry$$00000004) for __rt_entry_sh
    rtentry.o(.ARM.exidx) refers (Special) to rtentry2.o(.ARM.Collect$$rtentry$$0000000A) for __rt_entry_li
    rtentry.o(.ARM.exidx) refers (Special) to rtentry2.o(.ARM.Collect$$rtentry$$0000000D) for __rt_entry_main
    rtentry.o(.ARM.exidx) refers (Special) to rtentry2.o(.ARM.Collect$$rtentry$$0000000C) for __rt_entry_postli_1
    rtentry.o(.ARM.exidx) refers (Special) to rtentry2.o(.ARM.Collect$$rtentry$$00000009) for __rt_entry_postsh_1
    rtentry.o(.ARM.exidx) refers (Special) to rtentry2.o(.ARM.Collect$$rtentry$$00000002) for __rt_entry_presh_1
    rtentry.o(.ARM.exidx) refers (Special) to rtentry4.o(.ARM.Collect$$rtentry$$00000004) for __rt_entry_sh
    rtentry.o(.ARM.exidx) refers to rtentry.o(.ARM.Collect$$rtentry$$00000000) for .ARM.Collect$$rtentry$$00000000
    aeabi_idiv0_sigfpe.o(.text) refers to rt_div0.o(.text) for __rt_div0
    _printf_intcommon.o(.text) refers to __printf.o(i.__ARM_common_call_via_r2) for __ARM_common_call_via_r2
    _printf_char_common.o(.text) refers to __printf.o(.text) for __printf
    dcmpi.o(x$fpl$dcmpinf) refers (Special) to usenofp.o(x$fpl$usenofp) for __I$use$fp
    dnaninf.o(x$fpl$dnaninf) refers (Special) to usenofp.o(x$fpl$usenofp) for __I$use$fp
    dretinf.o(x$fpl$dretinf) refers (Special) to usenofp.o(x$fpl$usenofp) for __I$use$fp
    fnaninf.o(x$fpl$fnaninf) refers (Special) to usenofp.o(x$fpl$usenofp) for __I$use$fp
    fretinf.o(x$fpl$fretinf) refers (Special) to usenofp.o(x$fpl$usenofp) for __I$use$fp
    rtentry2.o(.ARM.Collect$$rtentry$$00000008) refers to boardinit2.o(.text) for _platform_post_stackheap_init
    rtentry2.o(.ARM.Collect$$rtentry$$0000000A) refers to libinit.o(.ARM.Collect$$libinit$$00000000) for __rt_lib_init
    rtentry2.o(.ARM.Collect$$rtentry$$0000000B) refers to boardinit3.o(.text) for _platform_post_lib_init
    rtentry2.o(.ARM.Collect$$rtentry$$0000000D) refers to exit.o(.text) for exit
    rtentry2.o(.ARM.Collect$$rtentry$$0000000D) refers to project_main.o(.text) for main
    rtentry2.o(.ARM.exidx) refers to rtentry2.o(.ARM.Collect$$rtentry$$00000001) for .ARM.Collect$$rtentry$$00000001
    rtentry2.o(.ARM.exidx) refers to rtentry2.o(.ARM.Collect$$rtentry$$00000002) for .ARM.Collect$$rtentry$$00000002
    rtentry2.o(.ARM.exidx) refers to rtentry2.o(.ARM.Collect$$rtentry$$00000008) for .ARM.Collect$$rtentry$$00000008
    rtentry2.o(.ARM.exidx) refers to rtentry2.o(.ARM.Collect$$rtentry$$00000009) for .ARM.Collect$$rtentry$$00000009
    rtentry2.o(.ARM.exidx) refers to rtentry2.o(.ARM.Collect$$rtentry$$0000000A) for .ARM.Collect$$rtentry$$0000000A
    rtentry2.o(.ARM.exidx) refers to rtentry2.o(.ARM.Collect$$rtentry$$0000000B) for .ARM.Collect$$rtentry$$0000000B
    rtentry2.o(.ARM.exidx) refers to rtentry2.o(.ARM.Collect$$rtentry$$0000000C) for .ARM.Collect$$rtentry$$0000000C
    rtentry2.o(.ARM.exidx) refers to rtentry2.o(.ARM.Collect$$rtentry$$0000000D) for .ARM.Collect$$rtentry$$0000000D
    rtentry4.o(.ARM.Collect$$rtentry$$00000004) refers to sys_stackheap_outer.o(.text) for __user_setup_stackheap
    rtentry4.o(.ARM.exidx) refers to rtentry4.o(.ARM.Collect$$rtentry$$00000004) for .ARM.Collect$$rtentry$$00000004
    rt_div0.o(.text) refers to defsig_fpe_outer.o(.text) for __rt_SIGFPE
    __printf_nopercent.o(.text) refers to __printf_nopercent.o(i.__ARM_common_call_via_r7) for __ARM_common_call_via_r7
    __printf_nopercent.o(.text) refers to __printf_nopercent.o(i.__ARM_common_call_via_r5) for __ARM_common_call_via_r5
    sys_stackheap_outer.o(.text) refers to libspace.o(.text) for __user_perproc_libspace
    sys_stackheap_outer.o(.text) refers to startup.o(.text) for __user_initial_stackheap
    exit.o(.text) refers to rtexit.o(.ARM.Collect$$rtexit$$00000000) for __rt_exit
    defsig_fpe_outer.o(.text) refers to defsig_fpe_inner.o(.text) for __rt_SIGFPE_inner
    defsig_fpe_outer.o(.text) refers to defsig_exit.o(.text) for __sig_exit
    defsig_fpe_formal.o(.text) refers to rt_raise.o(.text) for __rt_raise
    libinit.o(.ARM.Collect$$libinit$$00000000) refers (Special) to libinit2.o(.ARM.Collect$$libinit$$0000002A) for __rt_lib_init_alloca_1
    libinit.o(.ARM.Collect$$libinit$$00000000) refers (Special) to libinit2.o(.ARM.Collect$$libinit$$00000028) for __rt_lib_init_argv_1
    libinit.o(.ARM.Collect$$libinit$$00000000) refers (Special) to libinit2.o(.ARM.Collect$$libinit$$00000017) for __rt_lib_init_atexit_1
    libinit.o(.ARM.Collect$$libinit$$00000000) refers (Special) to libinit2.o(.ARM.Collect$$libinit$$0000001D) for __rt_lib_init_clock_1
    libinit.o(.ARM.Collect$$libinit$$00000000) refers (Special) to libinit2.o(.ARM.Collect$$libinit$$0000002E) for __rt_lib_init_cpp_1
    libinit.o(.ARM.Collect$$libinit$$00000000) refers (Special) to libinit2.o(.ARM.Collect$$libinit$$0000002C) for __rt_lib_init_exceptions_1
    libinit.o(.ARM.Collect$$libinit$$00000000) refers (Special) to libinit2.o(.ARM.Collect$$libinit$$0000001B) for __rt_lib_init_fp_trap_1
    libinit.o(.ARM.Collect$$libinit$$00000000) refers (Special) to libinit2.o(.ARM.Collect$$libinit$$0000001F) for __rt_lib_init_getenv_1
    libinit.o(.ARM.Collect$$libinit$$00000000) refers (Special) to libinit2.o(.ARM.Collect$$libinit$$00000006) for __rt_lib_init_heap_1
    libinit.o(.ARM.Collect$$libinit$$00000000) refers (Special) to libinit2.o(.ARM.Collect$$libinit$$0000000D) for __rt_lib_init_lc_collate_1
    libinit.o(.ARM.Collect$$libinit$$00000000) refers (Special) to libinit2.o(.ARM.Collect$$libinit$$0000000F) for __rt_lib_init_lc_ctype_1
    libinit.o(.ARM.Collect$$libinit$$00000000) refers (Special) to libinit2.o(.ARM.Collect$$libinit$$00000011) for __rt_lib_init_lc_monetary_1
    libinit.o(.ARM.Collect$$libinit$$00000000) refers (Special) to libinit2.o(.ARM.Collect$$libinit$$00000013) for __rt_lib_init_lc_numeric_1
    libinit.o(.ARM.Collect$$libinit$$00000000) refers (Special) to libinit2.o(.ARM.Collect$$libinit$$00000015) for __rt_lib_init_lc_time_1
    libinit.o(.ARM.Collect$$libinit$$00000000) refers (Special) to libinit2.o(.ARM.Collect$$libinit$$0000000A) for __rt_lib_init_rand_1
    libinit.o(.ARM.Collect$$libinit$$00000000) refers (Special) to libinit2.o(.ARM.Collect$$libinit$$0000002F) for __rt_lib_init_return
    libinit.o(.ARM.Collect$$libinit$$00000000) refers (Special) to libinit2.o(.ARM.Collect$$libinit$$00000019) for __rt_lib_init_signal_1
    libinit.o(.ARM.Collect$$libinit$$00000000) refers (Special) to libinit2.o(.ARM.Collect$$libinit$$00000021) for __rt_lib_init_stdio_1
    libinit.o(.ARM.Collect$$libinit$$00000000) refers (Special) to libinit2.o(.ARM.Collect$$libinit$$00000008) for __rt_lib_init_user_alloc_1
    libinit.o(.ARM.Collect$$libinit$$00000000) refers to fpinit.o(x$fpl$fpinit) for _fp_init
    libspace.o(.text) refers to libspace.o(.bss) for __libspace_start
    rtexit.o(.ARM.Collect$$rtexit$$00000000) refers (Special) to rtexit2.o(.ARM.Collect$$rtexit$$00000004) for __rt_exit_exit
    rtexit.o(.ARM.Collect$$rtexit$$00000000) refers (Special) to rtexit2.o(.ARM.Collect$$rtexit$$00000003) for __rt_exit_ls
    rtexit.o(.ARM.Collect$$rtexit$$00000000) refers (Special) to rtexit2.o(.ARM.Collect$$rtexit$$00000002) for __rt_exit_prels_1
    rtexit.o(.ARM.exidx) refers (Special) to rtexit2.o(.ARM.Collect$$rtexit$$00000004) for __rt_exit_exit
    rtexit.o(.ARM.exidx) refers (Special) to rtexit2.o(.ARM.Collect$$rtexit$$00000003) for __rt_exit_ls
    rtexit.o(.ARM.exidx) refers (Special) to rtexit2.o(.ARM.Collect$$rtexit$$00000002) for __rt_exit_prels_1
    rtexit.o(.ARM.exidx) refers to rtexit.o(.ARM.Collect$$rtexit$$00000000) for .ARM.Collect$$rtexit$$00000000
    rt_raise.o(.text) refers to __raise.o(.text) for __raise
    rt_raise.o(.text) refers to sys_exit.o(.text) for _sys_exit
    defsig_exit.o(.text) refers to sys_exit.o(.text) for _sys_exit
    defsig_fpe_inner.o(.text) refers to defsig_general.o(.text) for __default_signal_display
    libinit2.o(.ARM.Collect$$libinit$$0000000C) refers to libinit2.o(.ARM.Collect$$libinit$$0000000B) for .ARM.Collect$$libinit$$0000000B
    libinit2.o(.ARM.Collect$$libinit$$0000000E) refers to libinit2.o(.ARM.Collect$$libinit$$0000000B) for .ARM.Collect$$libinit$$0000000B
    libinit2.o(.ARM.Collect$$libinit$$00000010) refers to libinit2.o(.ARM.Collect$$libinit$$0000000B) for .ARM.Collect$$libinit$$0000000B
    libinit2.o(.ARM.Collect$$libinit$$00000012) refers to libinit2.o(.ARM.Collect$$libinit$$0000000B) for .ARM.Collect$$libinit$$0000000B
    libinit2.o(.ARM.Collect$$libinit$$00000014) refers to libinit2.o(.ARM.Collect$$libinit$$0000000B) for .ARM.Collect$$libinit$$0000000B
    libinit2.o(.ARM.Collect$$libinit$$00000022) refers to argv_veneer.o(.emb_text) for __ARM_argv_veneer
    libinit2.o(.ARM.Collect$$libinit$$00000023) refers to argv_veneer.o(.emb_text) for __ARM_argv_veneer
    fpinit.o(x$fpl$fpinit) refers to rt_fp_status_addr_intlibspace.o(.text) for __rt_fp_status_addr
    sys_exit.o(.text) refers (Special) to use_no_semi.o(.text) for __I$use$semihosting
    rtexit2.o(.ARM.Collect$$rtexit$$00000003) refers to libshutdown.o(.ARM.Collect$$libshutdown$$00000000) for __rt_lib_shutdown
    rtexit2.o(.ARM.Collect$$rtexit$$00000004) refers to sys_exit.o(.text) for _sys_exit
    rtexit2.o(.ARM.exidx) refers to rtexit2.o(.ARM.Collect$$rtexit$$00000001) for .ARM.Collect$$rtexit$$00000001
    rtexit2.o(.ARM.exidx) refers to rtexit2.o(.ARM.Collect$$rtexit$$00000002) for .ARM.Collect$$rtexit$$00000002
    rtexit2.o(.ARM.exidx) refers to rtexit2.o(.ARM.Collect$$rtexit$$00000003) for .ARM.Collect$$rtexit$$00000003
    rtexit2.o(.ARM.exidx) refers to rtexit2.o(.ARM.Collect$$rtexit$$00000004) for .ARM.Collect$$rtexit$$00000004
    rt_fp_status_addr.o(.text) refers to rt_fp_status_addr.o(.bss) for __rt_fp_status_addr_data
    rt_fp_status_addr_intlibspace.o(.text) refers to libspace.o(.bss) for __libspace_start
    __raise.o(.text) refers to __printf.o(i.__ARM_common_call_via_r2) for __ARM_common_call_via_r2
    __raise.o(.text) refers to defsig.o(CL$$defsig) for __default_signal_handler
    defsig_general.o(.text) refers to sys_wrch.o(.text) for _ttywrch
    argv_veneer.o(.emb_text) refers to no_argv.o(.text) for __ARM_get_argv
    sys_wrch.o(.text) refers (Special) to use_no_semi.o(.text) for __I$use$semihosting
    defsig.o(CL$$defsig) refers to defsig_fpe_inner.o(.text) for __rt_SIGFPE_inner
    defsig.o(CL$$defsig) refers to defsig_rtmem_inner.o(.text) for __rt_SIGRTMEM_inner
    _get_argv_nomalloc.o(.text) refers (Special) to hrguard.o(.text) for __heap_region$guard
    _get_argv_nomalloc.o(.text) refers to defsig_rtmem_outer.o(.text) for __rt_SIGRTMEM
    _get_argv_nomalloc.o(.text) refers to sys_command.o(.text) for _sys_command_string
    libshutdown.o(.ARM.Collect$$libshutdown$$00000000) refers (Special) to libshutdown2.o(.ARM.Collect$$libshutdown$$00000006) for __rt_lib_shutdown_fp_trap_1
    libshutdown.o(.ARM.Collect$$libshutdown$$00000000) refers (Special) to libshutdown2.o(.ARM.Collect$$libshutdown$$0000000E) for __rt_lib_shutdown_heap_1
    libshutdown.o(.ARM.Collect$$libshutdown$$00000000) refers (Special) to libshutdown2.o(.ARM.Collect$$libshutdown$$0000000F) for __rt_lib_shutdown_return
    libshutdown.o(.ARM.Collect$$libshutdown$$00000000) refers (Special) to libshutdown2.o(.ARM.Collect$$libshutdown$$00000009) for __rt_lib_shutdown_signal_1
    libshutdown.o(.ARM.Collect$$libshutdown$$00000000) refers (Special) to libshutdown2.o(.ARM.Collect$$libshutdown$$00000003) for __rt_lib_shutdown_stdio_1
    libshutdown.o(.ARM.Collect$$libshutdown$$00000000) refers (Special) to libshutdown2.o(.ARM.Collect$$libshutdown$$0000000B) for __rt_lib_shutdown_user_alloc_1
    sys_command.o(.text) refers (Special) to use_no_semi.o(.text) for __I$use$semihosting
    defsig_abrt_inner.o(.text) refers to defsig_general.o(.text) for __default_signal_display
    defsig_rtred_inner.o(.text) refers to defsig_general.o(.text) for __default_signal_display
    defsig_rtmem_inner.o(.text) refers to defsig_general.o(.text) for __default_signal_display
    defsig_rtmem_outer.o(.text) refers to defsig_rtmem_inner.o(.text) for __rt_SIGRTMEM_inner
    defsig_rtmem_outer.o(.text) refers to defsig_exit.o(.text) for __sig_exit
    defsig_rtmem_formal.o(.text) refers to rt_raise.o(.text) for __rt_raise
    defsig_stak_inner.o(.text) refers to defsig_general.o(.text) for __default_signal_display
    defsig_pvfn_inner.o(.text) refers to defsig_general.o(.text) for __default_signal_display
    defsig_cppl_inner.o(.text) refers to defsig_general.o(.text) for __default_signal_display
    defsig_segv_inner.o(.text) refers to defsig_general.o(.text) for __default_signal_display
    defsig_other.o(.text) refers to defsig_general.o(.text) for __default_signal_display


==============================================================================

Adding Veneers to the image

    Adding TA veneer (4 bytes, Inline) for call to '_printf_percent' from __printf.o(.text).
    Adding AT veneer (8 bytes, Inline) for call to '__rt_lib_init' from rtentry2.o(.ARM.Collect$$rtentry$$0000000A).
    Adding AT veneer (8 bytes, Inline) for call to '__rt_lib_shutdown' from rtexit2.o(.ARM.Collect$$rtexit$$00000003).
    Adding TA veneer (4 bytes, Inline) for call to '__rt_exit' from exit.o(.text).
    Adding AT veneer (8 bytes, Inline) for call to '__2sprintf' from i2c.o(.text).
    Adding AT veneer (8 bytes, Inline) for call to '_printf_int_dec' from _printf_d.o(.ARM.Collect$$_printf_percent$$00000009).
    Adding AT veneer (8 bytes, Inline) for call to 'strcpy' from project_main.o(.text).
    Adding TA veneer (4 bytes, Inline) for call to '__rt_udiv10' from _printf_dec.o(.text).
    Adding AT veneer (8 bytes, Inline) for call to '_sys_exit' from rtexit2.o(.ARM.Collect$$rtexit$$00000004).
    Adding TA veneer (4 bytes, Inline) for call to '_fp_init' from libinit.o(.ARM.Collect$$libinit$$00000000).

10 Veneer(s) (total 64 bytes) added to the image.

==============================================================================

Image Symbol Table

    Local Symbols

    Symbol Name                              Value     Ov Type        Size  Object(Section)

    RESET                                    0x00000000   Section      272  startup.o(RESET)
    ../../angel/boardlib.s                   0x00000000   Number         0  boardinit2.o ABSOLUTE
    ../../angel/boardlib.s                   0x00000000   Number         0  boardinit3.o ABSOLUTE
    ../../angel/boardlib.s                   0x00000000   Number         0  boardinit1.o ABSOLUTE
    ../../angel/boardlib.s                   0x00000000   Number         0  boardshut.o ABSOLUTE
    ../../angel/handlers.s                   0x00000000   Number         0  __scatter_copy.o ABSOLUTE
    ../../angel/handlers.s                   0x00000000   Number         0  __scatter_zi.o ABSOLUTE
    ../../angel/kernel.s                     0x00000000   Number         0  rtentry2.o ABSOLUTE
    ../../angel/kernel.s                     0x00000000   Number         0  rtexit.o ABSOLUTE
    ../../angel/kernel.s                     0x00000000   Number         0  rtexit2.o ABSOLUTE
    ../../angel/kernel.s                     0x00000000   Number         0  rtentry4.o ABSOLUTE
    ../../angel/kernel.s                     0x00000000   Number         0  rtentry.o ABSOLUTE
    ../../angel/rt.s                         0x00000000   Number         0  aeabi_idiv0_sigfpe.o ABSOLUTE
    ../../angel/rt.s                         0x00000000   Number         0  rt_fp_status_addr_intlibspace.o ABSOLUTE
    ../../angel/rt.s                         0x00000000   Number         0  rt_raise.o ABSOLUTE
    ../../angel/rt.s                         0x00000000   Number         0  rt_fp_status_addr.o ABSOLUTE
    ../../angel/rt.s                         0x00000000   Number         0  rt_div0.o ABSOLUTE
    ../../angel/rt.s                         0x00000000   Number         0  aeabi_idiv0.o ABSOLUTE
    ../../angel/scatter.s                    0x00000000   Number         0  __scatter.o ABSOLUTE
    ../../angel/startup.s                    0x00000000   Number         0  __main.o ABSOLUTE
    ../../angel/sys.s                        0x00000000   Number         0  sys_stackheap_outer.o ABSOLUTE
    ../../angel/sys.s                        0x00000000   Number         0  use_no_semi.o ABSOLUTE
    ../../angel/sys.s                        0x00000000   Number         0  libspace.o ABSOLUTE
    ../../angel/sysapp.c                     0x00000000   Number         0  sys_command.o ABSOLUTE
    ../../angel/sysapp.c                     0x00000000   Number         0  sys_wrch.o ABSOLUTE
    ../../angel/sysapp.c                     0x00000000   Number         0  sys_exit.o ABSOLUTE
    ../../armsys.c                           0x00000000   Number         0  argv_veneer.o ABSOLUTE
    ../../armsys.c                           0x00000000   Number         0  argv_veneer.o ABSOLUTE
    ../../armsys.c                           0x00000000   Number         0  no_argv.o ABSOLUTE
    ../../armsys.c                           0x00000000   Number         0  _get_argv_nomalloc.o ABSOLUTE
    ../../dcmpi.s                            0x00000000   Number         0  dcmpi.o ABSOLUTE
    ../../division.s                         0x00000000   Number         0  aeabi_sdiv_div0.o ABSOLUTE
    ../../division.s                         0x00000000   Number         0  rtudiv10.o ABSOLUTE
    ../../division.s                         0x00000000   Number         0  aeabi_sdiv.o ABSOLUTE
    ../../divrt.s                            0x00000000   Number         0  divrt_7tdmi_div0.o ABSOLUTE
    ../../divrt.s                            0x00000000   Number         0  divrt_7tdmi.o ABSOLUTE
    ../../dleqf.s                            0x00000000   Number         0  dleqf.o ABSOLUTE
    ../../dnaninf.s                          0x00000000   Number         0  dnaninf.o ABSOLUTE
    ../../dretinf.s                          0x00000000   Number         0  dretinf.o ABSOLUTE
    ../../f2d.s                              0x00000000   Number         0  f2d.o ABSOLUTE
    ../../faddsub.s                          0x00000000   Number         0  faddsub_noclz.o ABSOLUTE
    ../../ffix.s                             0x00000000   Number         0  ffix.o ABSOLUTE
    ../../ffixu.s                            0x00000000   Number         0  ffixu.o ABSOLUTE
    ../../fflt.s                             0x00000000   Number         0  fflt_noclz.o ABSOLUTE
    ../../fmul.s                             0x00000000   Number         0  fmul.o ABSOLUTE
    ../../fnaninf.s                          0x00000000   Number         0  fnaninf.o ABSOLUTE
    ../../fpinit.s                           0x00000000   Number         0  fpinit.o ABSOLUTE
    ../../fretinf.s                          0x00000000   Number         0  fretinf.o ABSOLUTE
    ../../heapalloc.c                        0x00000000   Number         0  hrguard.o ABSOLUTE
    ../../heapaux.c                          0x00000000   Number         0  heapauxi.o ABSOLUTE
    ../../libinit.s                          0x00000000   Number         0  libshutdown2.o ABSOLUTE
    ../../libinit.s                          0x00000000   Number         0  libinit2.o ABSOLUTE
    ../../libinit.s                          0x00000000   Number         0  libinit.o ABSOLUTE
    ../../libinit.s                          0x00000000   Number         0  libshutdown.o ABSOLUTE
    ../../memcpset.s                         0x00000000   Number         0  strcmp.o ABSOLUTE
    ../../printf.c                           0x00000000   Number         0  __printf_flags.o ABSOLUTE
    ../../printf.c                           0x00000000   Number         0  __printf.o ABSOLUTE
    ../../printf.c                           0x00000000   Number         0  noretval__2sprintf.o ABSOLUTE
    ../../printf.c                           0x00000000   Number         0  __2sprintf.o ABSOLUTE
    ../../printf.c                           0x00000000   Number         0  __printf_flags_wp.o ABSOLUTE
    ../../printf.c                           0x00000000   Number         0  __printf_wp.o ABSOLUTE
    ../../printf.c                           0x00000000   Number         0  __printf_nopercent.o ABSOLUTE
    ../../printf.c                           0x00000000   Number         0  _printf_intcommon.o ABSOLUTE
    ../../printf.c                           0x00000000   Number         0  __printf_ss_wp.o ABSOLUTE
    ../../printf.c                           0x00000000   Number         0  _printf_char_common.o ABSOLUTE
    ../../printf.c                           0x00000000   Number         0  _sputc.o ABSOLUTE
    ../../printf.c                           0x00000000   Number         0  __printf_flags_ss.o ABSOLUTE
    ../../printf.c                           0x00000000   Number         0  __printf_flags_ss_wp.o ABSOLUTE
    ../../printf.c                           0x00000000   Number         0  __printf_ss.o ABSOLUTE
    ../../printf.c                           0x00000000   Number         0  _printf_dec.o ABSOLUTE
    ../../printf_percent.s                   0x00000000   Number         0  _printf_percent_end.o ABSOLUTE
    ../../printf_percent.s                   0x00000000   Number         0  _printf_percent.o ABSOLUTE
    ../../printf_percent.s                   0x00000000   Number         0  _printf_d.o ABSOLUTE
    ../../signal.c                           0x00000000   Number         0  defsig_other.o ABSOLUTE
    ../../signal.c                           0x00000000   Number         0  defsig_segv_inner.o ABSOLUTE
    ../../signal.c                           0x00000000   Number         0  defsig_cppl_inner.o ABSOLUTE
    ../../signal.c                           0x00000000   Number         0  defsig_fpe_outer.o ABSOLUTE
    ../../signal.c                           0x00000000   Number         0  defsig_pvfn_inner.o ABSOLUTE
    ../../signal.c                           0x00000000   Number         0  defsig_stak_inner.o ABSOLUTE
    ../../signal.c                           0x00000000   Number         0  defsig_rtmem_formal.o ABSOLUTE
    ../../signal.c                           0x00000000   Number         0  defsig_fpe_formal.o ABSOLUTE
    ../../signal.c                           0x00000000   Number         0  defsig_rtmem_outer.o ABSOLUTE
    ../../signal.c                           0x00000000   Number         0  defsig_general.o ABSOLUTE
    ../../signal.c                           0x00000000   Number         0  defsig_fpe_inner.o ABSOLUTE
    ../../signal.c                           0x00000000   Number         0  defsig_exit.o ABSOLUTE
    ../../signal.c                           0x00000000   Number         0  defsig_rtred_inner.o ABSOLUTE
    ../../signal.c                           0x00000000   Number         0  defsig_rtmem_inner.o ABSOLUTE
    ../../signal.c                           0x00000000   Number         0  defsig_abrt_inner.o ABSOLUTE
    ../../signal.c                           0x00000000   Number         0  __raise.o ABSOLUTE
    ../../signal.s                           0x00000000   Number         0  defsig.o ABSOLUTE
    ../../stdlib.c                           0x00000000   Number         0  exit.o ABSOLUTE
    ../../string.c                           0x00000000   Number         0  strcpy.o ABSOLUTE
    ../../usenofp.s                          0x00000000   Number         0  usenofp.o ABSOLUTE
    Project_Main.c                           0x00000000   Number         0  project_main.o ABSOLUTE
    Startup.s                                0x00000000   Number         0  startup.o ABSOLUTE
    dc.s                                     0x00000000   Number         0  dc.o ABSOLUTE
    delay.c                                  0x00000000   Number         0  delay.o ABSOLUTE
    globel.c                                 0x00000000   Number         0  globel.o ABSOLUTE
    i2c.c                                    0x00000000   Number         0  i2c.o ABSOLUTE
    kpm.c                                    0x00000000   Number         0  kpm.o ABSOLUTE
    lcd.c                                    0x00000000   Number         0  lcd.o ABSOLUTE
    uart_int_test.c                          0x00000000   Number         0  uart_int_test.o ABSOLUTE
    Undef_Handler                            0x00000040   ARM Code       4  startup.o(RESET)
    SWI_Handler                              0x00000044   ARM Code       4  startup.o(RESET)
    PAbt_Handler                             0x00000048   ARM Code       4  startup.o(RESET)
    DAbt_Handler                             0x0000004c   ARM Code       4  startup.o(RESET)
    IRQ_Handler                              0x00000050   ARM Code       4  startup.o(RESET)
    FIQ_Handler                              0x00000054   ARM Code       4  startup.o(RESET)
    !!!main                                  0x00000110   Section        8  __main.o(!!!main)
    !!!scatter                               0x00000118   Section       60  __scatter.o(!!!scatter)
    !!handler_copy                           0x00000154   Section       40  __scatter_copy.o(!!handler_copy)
    !!handler_zi                             0x0000017c   Section       44  __scatter_zi.o(!!handler_zi)
    .ARM.Collect$$_printf_percent$$00000000  0x000001ac   Section        0  _printf_percent.o(.ARM.Collect$$_printf_percent$$00000000)
    .ARM.Collect$$_printf_percent$$00000009  0x000001ac   Section        8  _printf_d.o(.ARM.Collect$$_printf_percent$$00000009)
    .ARM.Collect$$_printf_percent$$00000017  0x000001b4   Section        8  _printf_percent_end.o(.ARM.Collect$$_printf_percent$$00000017)
    .ARM.Collect$$libinit$$00000000          0x000001c4   Section        6  libinit.o(.ARM.Collect$$libinit$$00000000)
    .ARM.Collect$$libinit$$00000006          0x000001ca   Section        0  libinit2.o(.ARM.Collect$$libinit$$00000006)
    .ARM.Collect$$libinit$$00000008          0x000001ca   Section        0  libinit2.o(.ARM.Collect$$libinit$$00000008)
    .ARM.Collect$$libinit$$0000000A          0x000001ca   Section        0  libinit2.o(.ARM.Collect$$libinit$$0000000A)
    .ARM.Collect$$libinit$$0000000D          0x000001ca   Section        0  libinit2.o(.ARM.Collect$$libinit$$0000000D)
    .ARM.Collect$$libinit$$0000000F          0x000001ca   Section        0  libinit2.o(.ARM.Collect$$libinit$$0000000F)
    .ARM.Collect$$libinit$$00000011          0x000001ca   Section        0  libinit2.o(.ARM.Collect$$libinit$$00000011)
    .ARM.Collect$$libinit$$00000013          0x000001ca   Section        0  libinit2.o(.ARM.Collect$$libinit$$00000013)
    .ARM.Collect$$libinit$$00000015          0x000001ca   Section        0  libinit2.o(.ARM.Collect$$libinit$$00000015)
    .ARM.Collect$$libinit$$00000017          0x000001ca   Section        0  libinit2.o(.ARM.Collect$$libinit$$00000017)
    .ARM.Collect$$libinit$$00000019          0x000001ca   Section        0  libinit2.o(.ARM.Collect$$libinit$$00000019)
    .ARM.Collect$$libinit$$0000001B          0x000001ca   Section        0  libinit2.o(.ARM.Collect$$libinit$$0000001B)
    .ARM.Collect$$libinit$$0000001D          0x000001ca   Section        0  libinit2.o(.ARM.Collect$$libinit$$0000001D)
    .ARM.Collect$$libinit$$0000001F          0x000001ca   Section        0  libinit2.o(.ARM.Collect$$libinit$$0000001F)
    .ARM.Collect$$libinit$$00000021          0x000001ca   Section        0  libinit2.o(.ARM.Collect$$libinit$$00000021)
    .ARM.Collect$$libinit$$00000028          0x000001ca   Section        0  libinit2.o(.ARM.Collect$$libinit$$00000028)
    .ARM.Collect$$libinit$$0000002A          0x000001ca   Section        0  libinit2.o(.ARM.Collect$$libinit$$0000002A)
    .ARM.Collect$$libinit$$0000002C          0x000001ca   Section        0  libinit2.o(.ARM.Collect$$libinit$$0000002C)
    .ARM.Collect$$libinit$$0000002E          0x000001ca   Section        0  libinit2.o(.ARM.Collect$$libinit$$0000002E)
    .ARM.Collect$$libinit$$0000002F          0x000001ca   Section       12  libinit2.o(.ARM.Collect$$libinit$$0000002F)
    .ARM.Collect$$libshutdown$$00000000      0x000001e0   Section        4  libshutdown.o(.ARM.Collect$$libshutdown$$00000000)
    .ARM.Collect$$libshutdown$$00000003      0x000001e4   Section        0  libshutdown2.o(.ARM.Collect$$libshutdown$$00000003)
    .ARM.Collect$$libshutdown$$00000006      0x000001e4   Section        0  libshutdown2.o(.ARM.Collect$$libshutdown$$00000006)
    .ARM.Collect$$libshutdown$$00000009      0x000001e4   Section        0  libshutdown2.o(.ARM.Collect$$libshutdown$$00000009)
    .ARM.Collect$$libshutdown$$0000000B      0x000001e4   Section        0  libshutdown2.o(.ARM.Collect$$libshutdown$$0000000B)
    .ARM.Collect$$libshutdown$$0000000E      0x000001e4   Section        0  libshutdown2.o(.ARM.Collect$$libshutdown$$0000000E)
    .ARM.Collect$$libshutdown$$0000000F      0x000001e4   Section        6  libshutdown2.o(.ARM.Collect$$libshutdown$$0000000F)
    .ARM.Collect$$rtentry$$00000000          0x000001ec   Section        0  rtentry.o(.ARM.Collect$$rtentry$$00000000)
    .ARM.Collect$$rtentry$$00000002          0x000001ec   Section        0  rtentry2.o(.ARM.Collect$$rtentry$$00000002)
    .ARM.Collect$$rtentry$$00000004          0x000001ec   Section        8  rtentry4.o(.ARM.Collect$$rtentry$$00000004)
    .ARM.Collect$$rtentry$$00000009          0x000001f4   Section        0  rtentry2.o(.ARM.Collect$$rtentry$$00000009)
    .ARM.Collect$$rtentry$$0000000A          0x000001f4   Section        4  rtentry2.o(.ARM.Collect$$rtentry$$0000000A)
    .ARM.Collect$$rtentry$$0000000C          0x000001f8   Section        0  rtentry2.o(.ARM.Collect$$rtentry$$0000000C)
    .ARM.Collect$$rtentry$$0000000D          0x000001f8   Section       40  rtentry2.o(.ARM.Collect$$rtentry$$0000000D)
    .ARM.Collect$$rtexit$$00000000           0x00000224   Section        4  rtexit.o(.ARM.Collect$$rtexit$$00000000)
    .ARM.Collect$$rtexit$$00000002           0x00000228   Section        0  rtexit2.o(.ARM.Collect$$rtexit$$00000002)
    .ARM.Collect$$rtexit$$00000003           0x00000228   Section        4  rtexit2.o(.ARM.Collect$$rtexit$$00000003)
    .ARM.Collect$$rtexit$$00000004           0x0000022c   Section        8  rtexit2.o(.ARM.Collect$$rtexit$$00000004)
    .text                                    0x00000234   Section       32  startup.o(.text)
    .text                                    0x00000254   Section        0  delay.o(.text)
    .text                                    0x000002b0   Section        0  i2c.o(.text)
    .text                                    0x000007e8   Section        0  kpm.o(.text)
    .text                                    0x0000097c   Section        0  lcd.o(.text)
    .text                                    0x00000cfc   Section        0  project_main.o(.text)
    .text                                    0x0000169c   Section        0  uart_int_test.o(.text)
    .text                                    0x000019b8   Section        0  noretval__2sprintf.o(.text)
    .text                                    0x000019e0   Section        0  __printf.o(.text)
    .text                                    0x00001a60   Section        0  _printf_dec.o(.text)
    .text                                    0x00001ad8   Section        0  strcpy.o(.text)
    .text                                    0x00001b28   Section      160  strcmp.o(.text)
    .text                                    0x00001bc8   Section      384  aeabi_sdiv.o(.text)
    __arm_div8                               0x00001bf4   ARM Code       0  aeabi_sdiv.o(.text)
    __arm_div5                               0x00001c18   ARM Code       0  aeabi_sdiv.o(.text)
    __arm_div2                               0x00001c3c   ARM Code       0  aeabi_sdiv.o(.text)
    __arm_div_large                          0x00001c78   ARM Code       0  aeabi_sdiv.o(.text)
    .text                                    0x00001d48   Section        0  heapauxi.o(.text)
    .text                                    0x00001d4e   Section        0  _printf_intcommon.o(.text)
    .text                                    0x00001e04   Section        0  _printf_char_common.o(.text)
    _printf_input_char                       0x00001e05   Thumb Code    10  _printf_char_common.o(.text)
    .text                                    0x00001e34   Section        0  _sputc.o(.text)
    .text                                    0x00001e44   Section       44  rtudiv10.o(.text)
    .text                                    0x00001e70   Section       96  sys_stackheap_outer.o(.text)
    .text                                    0x00001ed0   Section        0  exit.o(.text)
    .text                                    0x00001edc   Section       12  libspace.o(.text)
    .text                                    0x00001ef0   Section        0  sys_exit.o(.text)
    .text                                    0x00001efc   Section       16  rt_fp_status_addr_intlibspace.o(.text)
    .text                                    0x00001f0c   Section        4  use_no_semi.o(.text)
    .text_udiv                               0x00001f10   Section       36  aeabi_sdiv.o(.text_udiv)
    i.__ARM_common_call_via_r1               0x00001f34   Section        0  __printf.o(i.__ARM_common_call_via_r1)
    i.__ARM_common_call_via_r2               0x00001f36   Section        0  __printf.o(i.__ARM_common_call_via_r2)
    x$fpl$dcmpinf                            0x00001f38   Section       28  dcmpi.o(x$fpl$dcmpinf)
    x$fpl$dleqf                              0x00001f54   Section      148  dleqf.o(x$fpl$dleqf)
    x$fpl$dnaninf                            0x00001fe8   Section      192  dnaninf.o(x$fpl$dnaninf)
    x$fpl$dretinf                            0x000020a8   Section       16  dretinf.o(x$fpl$dretinf)
    x$fpl$f2d                                0x000020b8   Section      100  f2d.o(x$fpl$f2d)
    x$fpl$fadd                               0x0000211c   Section      196  faddsub_noclz.o(x$fpl$fadd)
    _fadd1                                   0x00002128   ARM Code       0  faddsub_noclz.o(x$fpl$fadd)
    x$fpl$ffix                               0x000021e0   Section       68  ffix.o(x$fpl$ffix)
    x$fpl$ffixu                              0x00002224   Section       84  ffixu.o(x$fpl$ffixu)
    x$fpl$fflt                               0x00002278   Section       92  fflt_noclz.o(x$fpl$fflt)
    x$fpl$ffltu                              0x000022d4   Section        8  fflt_noclz.o(x$fpl$ffltu)
    x$fpl$fmul                               0x000022dc   Section      256  fmul.o(x$fpl$fmul)
    x$fpl$fnaninf                            0x000023dc   Section      168  fnaninf.o(x$fpl$fnaninf)
    x$fpl$fpinit                             0x00002488   Section       24  fpinit.o(x$fpl$fpinit)
    x$fpl$fretinf                            0x000024a0   Section       16  fretinf.o(x$fpl$fretinf)
    x$fpl$frsb                               0x000024b0   Section       20  faddsub_noclz.o(x$fpl$frsb)
    x$fpl$fsub                               0x000024c4   Section      304  faddsub_noclz.o(x$fpl$fsub)
    _fsub1                                   0x000024d0   ARM Code       0  faddsub_noclz.o(x$fpl$fsub)
    .constdata                               0x000025f4   Section       12  project_main.o(.constdata)
    x$fpl$usenofp                            0x000025f4   Section        0  usenofp.o(x$fpl$usenofp)
    .conststring                             0x00002600   Section       27  project_main.o(.conststring)
    .data                                    0x40000000   Section       16  kpm.o(.data)
    .data                                    0x40000010   Section       40  project_main.o(.data)
    .data                                    0x40000038   Section        7  uart_int_test.o(.data)
    .bss                                     0x40000040   Section       10  globel.o(.bss)
    .bss                                     0x4000004c   Section     4112  i2c.o(.bss)
    .bss                                     0x4000105c   Section       96  libspace.o(.bss)
    HEAP                                     0x400010c0   Section        0  startup.o(HEAP)
    STACK                                    0x400010c0   Section     1160  startup.o(STACK)
    Heap_Mem                                 0x400010c0   Data           0  startup.o(HEAP)
    Stack_Mem                                0x400010c0   Data        1024  startup.o(STACK)
    Stack_Top                                0x40001548   Data           0  startup.o(STACK)

    Global Symbols

    Symbol Name                              Value     Ov Type        Size  Object(Section)

    BuildAttributes$$THM_ISAv1$ARM_ISAv4$S$PE$A:L22$X:L11$S22$IEEE1$IW$USESV6$~STKCKD$USESV7$~SHL$OSPACE$ROPI$EBA8$UX$STANDARDLIB$REQ8$PRES8$EABIv2 0x00000000   Number         0  anon$$obj.o ABSOLUTE
    __ARM_use_no_argv                        0x00000000   Number         0  project_main.o ABSOLUTE
    __ARM_exceptions_init                     - Undefined Weak Reference
    __alloca_initialize                       - Undefined Weak Reference
    __cpp_initialize__aeabi_                  - Undefined Weak Reference
    __cxa_finalize                            - Undefined Weak Reference
    __rt_locale                               - Undefined Weak Reference
    __sigvec_lookup                           - Undefined Weak Reference
    _atexit_init                              - Undefined Weak Reference
    _call_atexit_fns                          - Undefined Weak Reference
    _clock_init                               - Undefined Weak Reference
    _fp_trap_init                             - Undefined Weak Reference
    _fp_trap_shutdown                         - Undefined Weak Reference
    _get_lc_collate                           - Undefined Weak Reference
    _get_lc_ctype                             - Undefined Weak Reference
    _get_lc_monetary                          - Undefined Weak Reference
    _get_lc_numeric                           - Undefined Weak Reference
    _get_lc_time                              - Undefined Weak Reference
    _getenv_init                              - Undefined Weak Reference
    _handle_redirection                       - Undefined Weak Reference
    _init_alloc                               - Undefined Weak Reference
    _init_user_alloc                          - Undefined Weak Reference
    _initio                                   - Undefined Weak Reference
    _printf_post_padding                      - Undefined Weak Reference
    _printf_pre_padding                       - Undefined Weak Reference
    _printf_truncate_signed                   - Undefined Weak Reference
    _printf_truncate_unsigned                 - Undefined Weak Reference
    _rand_init                                - Undefined Weak Reference
    _signal_finish                            - Undefined Weak Reference
    _signal_init                              - Undefined Weak Reference
    _terminate_alloc                          - Undefined Weak Reference
    _terminate_user_alloc                     - Undefined Weak Reference
    _terminateio                              - Undefined Weak Reference
    Reset_Handler                            0x00000058   ARM Code       0  startup.o(RESET)
    __main                                   0x00000110   ARM Code       8  __main.o(!!!main)
    __scatterload                            0x00000118   ARM Code       0  __scatter.o(!!!scatter)
    __scatterload_rt2                        0x00000118   ARM Code      52  __scatter.o(!!!scatter)
    __scatterload_null                       0x0000012c   ARM Code       0  __scatter.o(!!!scatter)
    __scatterload_copy                       0x00000154   ARM Code      40  __scatter_copy.o(!!handler_copy)
    __scatterload_zeroinit                   0x0000017c   ARM Code      44  __scatter_zi.o(!!handler_zi)
    Inline Thumb to ARM Veneer to _printf_percent 0x000001a9   Thumb Code     4  _printf_percent.o(.ARM.Collect$$_printf_percent$$00000000)
    _printf_d                                0x000001ac   ARM Code       0  _printf_d.o(.ARM.Collect$$_printf_percent$$00000009)
    _printf_percent                          0x000001ac   ARM Code       0  _printf_percent.o(.ARM.Collect$$_printf_percent$$00000000)
    _printf_percent_end                      0x000001b4   ARM Code       0  _printf_percent_end.o(.ARM.Collect$$_printf_percent$$00000017)
    Inline ARM to Thumb Veneer to __rt_lib_init 0x000001bc   ARM Code       8  libinit.o(.ARM.Collect$$libinit$$00000000)
    __rt_lib_init                            0x000001c5   Thumb Code     0  libinit.o(.ARM.Collect$$libinit$$00000000)
    __rt_lib_init_alloca_1                   0x000001cb   Thumb Code     0  libinit2.o(.ARM.Collect$$libinit$$0000002A)
    __rt_lib_init_argv_1                     0x000001cb   Thumb Code     0  libinit2.o(.ARM.Collect$$libinit$$00000028)
    __rt_lib_init_atexit_1                   0x000001cb   Thumb Code     0  libinit2.o(.ARM.Collect$$libinit$$00000017)
    __rt_lib_init_clock_1                    0x000001cb   Thumb Code     0  libinit2.o(.ARM.Collect$$libinit$$0000001D)
    __rt_lib_init_cpp_1                      0x000001cb   Thumb Code     0  libinit2.o(.ARM.Collect$$libinit$$0000002E)
    __rt_lib_init_exceptions_1               0x000001cb   Thumb Code     0  libinit2.o(.ARM.Collect$$libinit$$0000002C)
    __rt_lib_init_fp_trap_1                  0x000001cb   Thumb Code     0  libinit2.o(.ARM.Collect$$libinit$$0000001B)
    __rt_lib_init_getenv_1                   0x000001cb   Thumb Code     0  libinit2.o(.ARM.Collect$$libinit$$0000001F)
    __rt_lib_init_heap_1                     0x000001cb   Thumb Code     0  libinit2.o(.ARM.Collect$$libinit$$00000006)
    __rt_lib_init_lc_collate_1               0x000001cb   Thumb Code     0  libinit2.o(.ARM.Collect$$libinit$$0000000D)
    __rt_lib_init_lc_ctype_1                 0x000001cb   Thumb Code     0  libinit2.o(.ARM.Collect$$libinit$$0000000F)
    __rt_lib_init_lc_monetary_1              0x000001cb   Thumb Code     0  libinit2.o(.ARM.Collect$$libinit$$00000011)
    __rt_lib_init_lc_numeric_1               0x000001cb   Thumb Code     0  libinit2.o(.ARM.Collect$$libinit$$00000013)
    __rt_lib_init_lc_time_1                  0x000001cb   Thumb Code     0  libinit2.o(.ARM.Collect$$libinit$$00000015)
    __rt_lib_init_rand_1                     0x000001cb   Thumb Code     0  libinit2.o(.ARM.Collect$$libinit$$0000000A)
    __rt_lib_init_return                     0x000001cb   Thumb Code     0  libinit2.o(.ARM.Collect$$libinit$$0000002F)
    __rt_lib_init_signal_1                   0x000001cb   Thumb Code     0  libinit2.o(.ARM.Collect$$libinit$$00000019)
    __rt_lib_init_stdio_1                    0x000001cb   Thumb Code     0  libinit2.o(.ARM.Collect$$libinit$$00000021)
    __rt_lib_init_user_alloc_1               0x000001cb   Thumb Code     0  libinit2.o(.ARM.Collect$$libinit$$00000008)
    Inline ARM to Thumb Veneer to __rt_lib_shutdown 0x000001d8   ARM Code       8  libshutdown.o(.ARM.Collect$$libshutdown$$00000000)
    __rt_lib_shutdown                        0x000001e1   Thumb Code     0  libshutdown.o(.ARM.Collect$$libshutdown$$00000000)
    __rt_lib_shutdown_fp_trap_1              0x000001e5   Thumb Code     0  libshutdown2.o(.ARM.Collect$$libshutdown$$00000006)
    __rt_lib_shutdown_heap_1                 0x000001e5   Thumb Code     0  libshutdown2.o(.ARM.Collect$$libshutdown$$0000000E)
    __rt_lib_shutdown_return                 0x000001e5   Thumb Code     0  libshutdown2.o(.ARM.Collect$$libshutdown$$0000000F)
    __rt_lib_shutdown_signal_1               0x000001e5   Thumb Code     0  libshutdown2.o(.ARM.Collect$$libshutdown$$00000009)
    __rt_lib_shutdown_stdio_1                0x000001e5   Thumb Code     0  libshutdown2.o(.ARM.Collect$$libshutdown$$00000003)
    __rt_lib_shutdown_user_alloc_1           0x000001e5   Thumb Code     0  libshutdown2.o(.ARM.Collect$$libshutdown$$0000000B)
    __rt_entry                               0x000001ec   ARM Code       0  rtentry.o(.ARM.Collect$$rtentry$$00000000)
    __rt_entry_presh_1                       0x000001ec   ARM Code       0  rtentry2.o(.ARM.Collect$$rtentry$$00000002)
    __rt_entry_sh                            0x000001ec   ARM Code       0  rtentry4.o(.ARM.Collect$$rtentry$$00000004)
    __rt_entry_li                            0x000001f4   ARM Code       0  rtentry2.o(.ARM.Collect$$rtentry$$0000000A)
    __rt_entry_postsh_1                      0x000001f4   ARM Code       0  rtentry2.o(.ARM.Collect$$rtentry$$00000009)
    __rt_entry_main                          0x000001f8   ARM Code       0  rtentry2.o(.ARM.Collect$$rtentry$$0000000D)
    __rt_entry_postli_1                      0x000001f8   ARM Code       0  rtentry2.o(.ARM.Collect$$rtentry$$0000000C)
    Inline Thumb to ARM Veneer to __rt_exit  0x00000221   Thumb Code     4  rtexit.o(.ARM.Collect$$rtexit$$00000000)
    __rt_exit                                0x00000224   ARM Code       0  rtexit.o(.ARM.Collect$$rtexit$$00000000)
    __rt_exit_ls                             0x00000228   ARM Code       0  rtexit2.o(.ARM.Collect$$rtexit$$00000003)
    __rt_exit_prels_1                        0x00000228   ARM Code       0  rtexit2.o(.ARM.Collect$$rtexit$$00000002)
    __rt_exit_exit                           0x0000022c   ARM Code       0  rtexit2.o(.ARM.Collect$$rtexit$$00000004)
    __user_initial_stackheap                 0x00000234   ARM Code       0  startup.o(.text)
    delay_us                                 0x00000254   ARM Code      28  delay.o(.text)
    delay_ms                                 0x00000270   ARM Code      28  delay.o(.text)
    delay_s                                  0x0000028c   ARM Code      28  delay.o(.text)
    init_i2c                                 0x000002b0   ARM Code      48  i2c.o(.text)
    i2c_start                                0x000002e0   ARM Code      52  i2c.o(.text)
    i2c_restart                              0x00000314   ARM Code      60  i2c.o(.text)
    i2c_write                                0x00000350   ARM Code      48  i2c.o(.text)
    i2c_stop                                 0x00000380   ARM Code      24  i2c.o(.text)
    i2c_nack                                 0x00000398   ARM Code      56  i2c.o(.text)
    i2c_masterack                            0x000003d0   ARM Code      68  i2c.o(.text)
    i2c_eeprom_write                         0x00000414   ARM Code      76  i2c.o(.text)
    i2c_eeprom_read                          0x00000460   ARM Code      88  i2c.o(.text)
    i2c_eeprom_page_write                    0x000004b8   ARM Code     104  i2c.o(.text)
    i2c_eeprom_seq_read                      0x00000520   ARM Code     128  i2c.o(.text)
    ReadFromEEPROM                           0x000005a0   ARM Code      36  i2c.o(.text)
    ReadPasswordFromEEPROM                   0x000005c4   ARM Code      60  i2c.o(.text)
    WriteToEEPROM                            0x00000600   ARM Code      20  i2c.o(.text)
    SavePasswordToEEPROM                     0x00000614   ARM Code      64  i2c.o(.text)
    ComparePassword                          0x00000654   ARM Code      60  i2c.o(.text)
    DisplayVotingResults                     0x00000690   ARM Code     164  i2c.o(.text)
    ResetVotingResults                       0x00000734   ARM Code      92  i2c.o(.text)
    ColScan                                  0x000007e8   ARM Code      44  kpm.o(.text)
    RowCheck                                 0x00000814   ARM Code     108  kpm.o(.text)
    ColCheck                                 0x00000880   ARM Code      56  kpm.o(.text)
    Init_KPM                                 0x000008b8   ARM Code      24  kpm.o(.text)
    KeyScan                                  0x000008d0   ARM Code      56  kpm.o(.text)
    ReadNum                                  0x00000908   ARM Code     108  kpm.o(.text)
    WriteLCD                                 0x0000097c   ARM Code      76  lcd.o(.text)
    CmdLCD                                   0x000009c8   ARM Code      36  lcd.o(.text)
    CharLCD                                  0x000009ec   ARM Code      36  lcd.o(.text)
    InitLCD                                  0x00000a10   ARM Code     116  lcd.o(.text)
    StrLCD                                   0x00000a84   ARM Code      40  lcd.o(.text)
    U32LCD                                   0x00000aac   ARM Code     128  lcd.o(.text)
    S32LCD                                   0x00000b2c   ARM Code      44  lcd.o(.text)
    F32LCD                                   0x00000b58   ARM Code     168  lcd.o(.text)
    HexLCD                                   0x00000c00   ARM Code     124  lcd.o(.text)
    BinLCD                                   0x00000c7c   ARM Code      56  lcd.o(.text)
    BuildCGRAM                               0x00000cb4   ARM Code      64  lcd.o(.text)
    EnterPassword                            0x00000cfc   ARM Code     200  project_main.o(.text)
    LoadCustomCharacter                      0x00000dc4   ARM Code      64  project_main.o(.text)
    DisplayCustomSymbolsWithNames            0x00000e04   ARM Code     156  project_main.o(.text)
    main                                     0x00000ea0   ARM Code    2028  project_main.o(.text)
    UART0_isr                                0x0000169c   ARM Code     224  uart_int_test.o(.text)
    InitUART0                                0x0000177c   ARM Code     100  uart_int_test.o(.text)
    UART0_Tx                                 0x000017e0   ARM Code      32  uart_int_test.o(.text)
    UART0_Rx                                 0x00001800   ARM Code      32  uart_int_test.o(.text)
    UART0_Str                                0x00001820   ARM Code      40  uart_int_test.o(.text)
    UART0_Int                                0x00001848   ARM Code     148  uart_int_test.o(.text)
    UART0_Float                              0x000018dc   ARM Code     100  uart_int_test.o(.text)
    DelayS                                   0x00001940   ARM Code      40  uart_int_test.o(.text)
    RFID_ReadCard                            0x00001968   ARM Code      36  uart_int_test.o(.text)
    Inline ARM to Thumb Veneer to __2sprintf 0x000019b0   ARM Code       8  noretval__2sprintf.o(.text)
    __2sprintf                               0x000019b9   Thumb Code    36  noretval__2sprintf.o(.text)
    __printf                                 0x000019e1   Thumb Code   120  __printf.o(.text)
    Inline ARM to Thumb Veneer to _printf_int_dec 0x00001a58   ARM Code       8  _printf_dec.o(.text)
    _printf_int_dec                          0x00001a61   Thumb Code    94  _printf_dec.o(.text)
    Inline ARM to Thumb Veneer to strcpy     0x00001ad0   ARM Code       8  strcpy.o(.text)
    strcpy                                   0x00001ad9   Thumb Code    74  strcpy.o(.text)
    strcmp                                   0x00001b28   ARM Code     156  strcmp.o(.text)
    __aeabi_idiv                             0x00001bc8   ARM Code       0  aeabi_sdiv.o(.text)
    __aeabi_idivmod                          0x00001bc8   ARM Code     384  aeabi_sdiv.o(.text)
    __use_two_region_memory                  0x00001d49   Thumb Code     2  heapauxi.o(.text)
    __rt_heap_escrow$2region                 0x00001d4b   Thumb Code     2  heapauxi.o(.text)
    __rt_heap_expand$2region                 0x00001d4d   Thumb Code     2  heapauxi.o(.text)
    _printf_int_common                       0x00001d4f   Thumb Code   182  _printf_intcommon.o(.text)
    _printf_char_common                      0x00001e0f   Thumb Code    34  _printf_char_common.o(.text)
    _sputc                                   0x00001e35   Thumb Code    10  _sputc.o(.text)
    Inline Thumb to ARM Veneer to __rt_udiv10 0x00001e41   Thumb Code     4  rtudiv10.o(.text)
    __rt_udiv10                              0x00001e44   ARM Code      44  rtudiv10.o(.text)
    __user_setup_stackheap                   0x00001e70   ARM Code      96  sys_stackheap_outer.o(.text)
    exit                                     0x00001ed1   Thumb Code    12  exit.o(.text)
    __user_libspace                          0x00001edc   ARM Code      12  libspace.o(.text)
    __user_perproc_libspace                  0x00001edc   ARM Code       0  libspace.o(.text)
    __user_perthread_libspace                0x00001edc   ARM Code       0  libspace.o(.text)
    Inline ARM to Thumb Veneer to _sys_exit  0x00001ee8   ARM Code       8  sys_exit.o(.text)
    _sys_exit                                0x00001ef1   Thumb Code     8  sys_exit.o(.text)
    __rt_fp_status_addr                      0x00001efc   ARM Code      16  rt_fp_status_addr_intlibspace.o(.text)
    __I$use$semihosting                      0x00001f0c   ARM Code       0  use_no_semi.o(.text)
    __use_no_semihosting_swi                 0x00001f0c   ARM Code       4  use_no_semi.o(.text)
    __aeabi_uidiv                            0x00001f10   ARM Code       0  aeabi_sdiv.o(.text_udiv)
    __aeabi_uidivmod                         0x00001f10   ARM Code      36  aeabi_sdiv.o(.text_udiv)
    __ARM_common_call_via_r1                 0x00001f35   Thumb Code     2  __printf.o(i.__ARM_common_call_via_r1)
    __ARM_common_call_via_r2                 0x00001f37   Thumb Code     2  __printf.o(i.__ARM_common_call_via_r2)
    __fpl_dcmp_Inf                           0x00001f38   ARM Code      28  dcmpi.o(x$fpl$dcmpinf)
    __aeabi_cdcmple                          0x00001f54   ARM Code       0  dleqf.o(x$fpl$dleqf)
    _dcmple                                  0x00001f54   ARM Code     148  dleqf.o(x$fpl$dleqf)
    __fpl_dcmple_InfNaN                      0x00001fd0   ARM Code       0  dleqf.o(x$fpl$dleqf)
    __fpl_dnaninf                            0x00001fe8   ARM Code     192  dnaninf.o(x$fpl$dnaninf)
    __fpl_dretinf                            0x000020a8   ARM Code      16  dretinf.o(x$fpl$dretinf)
    __aeabi_f2d                              0x000020b8   ARM Code       0  f2d.o(x$fpl$f2d)
    _f2d                                     0x000020b8   ARM Code     100  f2d.o(x$fpl$f2d)
    __aeabi_fadd                             0x0000211c   ARM Code       0  faddsub_noclz.o(x$fpl$fadd)
    _fadd                                    0x0000211c   ARM Code     196  faddsub_noclz.o(x$fpl$fadd)
    __aeabi_f2iz                             0x000021e0   ARM Code       0  ffix.o(x$fpl$ffix)
    _ffix                                    0x000021e0   ARM Code      68  ffix.o(x$fpl$ffix)
    __aeabi_f2uiz                            0x00002224   ARM Code       0  ffixu.o(x$fpl$ffixu)
    _ffixu                                   0x00002224   ARM Code      84  ffixu.o(x$fpl$ffixu)
    __aeabi_i2f                              0x00002278   ARM Code       0  fflt_noclz.o(x$fpl$fflt)
    _fflt                                    0x00002278   ARM Code      92  fflt_noclz.o(x$fpl$fflt)
    __fflt_normalise                         0x00002284   ARM Code       0  fflt_noclz.o(x$fpl$fflt)
    __aeabi_ui2f                             0x000022d4   ARM Code       0  fflt_noclz.o(x$fpl$ffltu)
    _ffltu                                   0x000022d4   ARM Code       8  fflt_noclz.o(x$fpl$ffltu)
    __aeabi_fmul                             0x000022dc   ARM Code       0  fmul.o(x$fpl$fmul)
    _fmul                                    0x000022dc   ARM Code     256  fmul.o(x$fpl$fmul)
    __fpl_fnaninf                            0x000023dc   ARM Code     168  fnaninf.o(x$fpl$fnaninf)
    Inline Thumb to ARM Veneer to _fp_init   0x00002485   Thumb Code     4  fpinit.o(x$fpl$fpinit)
    _fp_init                                 0x00002488   ARM Code      24  fpinit.o(x$fpl$fpinit)
    __fplib_config_pureend_doubles           0x00002498   ARM Code       0  fpinit.o(x$fpl$fpinit)
    __fpl_fretinf                            0x000024a0   ARM Code      16  fretinf.o(x$fpl$fretinf)
    __aeabi_frsub                            0x000024b0   ARM Code       0  faddsub_noclz.o(x$fpl$frsb)
    _frsb                                    0x000024b0   ARM Code      20  faddsub_noclz.o(x$fpl$frsb)
    __aeabi_fsub                             0x000024c4   ARM Code       0  faddsub_noclz.o(x$fpl$fsub)
    _fsub                                    0x000024c4   ARM Code     304  faddsub_noclz.o(x$fpl$fsub)
    __I$use$fp                               0x000025f4   ARM Code       0  usenofp.o(x$fpl$usenofp)
    Region$$Table$$Base                      0x0000261c   Number         0  anon$$obj.o(Region$$Table)
    Region$$Table$$Limit                     0x0000263c   Number         0  anon$$obj.o(Region$$Table)
    kpmLUT                                   0x40000000   Data          16  kpm.o(.data)
    storedPassword                           0x40000010   Data           4  project_main.o(.data)
    officerPassword                          0x40000014   Data           4  project_main.o(.data)
    cycleSymbol                              0x40000018   Data           8  project_main.o(.data)
    glassSymbol                              0x40000020   Data           8  project_main.o(.data)
    lotusSymbol                              0x40000028   Data           8  project_main.o(.data)
    handSymbol                               0x40000030   Data           8  project_main.o(.data)
    i                                        0x40000038   Data           4  uart_int_test.o(.data)
    ch                                       0x4000003c   Data           1  uart_int_test.o(.data)
    r_flag                                   0x4000003d   Data           1  uart_int_test.o(.data)
    dummy                                    0x4000003e   Data           1  uart_int_test.o(.data)
    buff                                     0x40000040   Data          10  globel.o(.bss)
    EEPROM                                   0x4000004c   Data        4096  i2c.o(.bss)
    lcdBuffer                                0x4000104c   Data          16  i2c.o(.bss)
    __libspace_start                         0x4000105c   Data          96  libspace.o(.bss)
    __temporary_stack_top$libspace           0x400010bc   Data           0  libspace.o(.bss)



==============================================================================

Memory Map of the image

  Image Entry point : 0x00000110

  Load Region LR_IROM1 (Base: 0x00000000, Size: 0x0000267c, Max: 0x00040000, ABSOLUTE)

    Execution Region ER_IROM1 (Base: 0x00000000, Size: 0x0000263c, Max: 0x00040000, ABSOLUTE)

    Base Addr    Size         Type   Attr      Idx    E Section Name        Object

    0x00000000   0x00000110   Code   RO            3    RESET               startup.o
    0x00000110   0x00000008   Code   RO          215  * !!!main             c_t.l(__main.o)(c_t.l)
    0x00000118   0x0000003c   Code   RO          437    !!!scatter          c_t.l(__scatter.o)(c_t.l)
    0x00000154   0x00000028   Code   RO          439    !!handler_copy      c_t.l(__scatter_copy.o)(c_t.l)
    0x0000017c   0x0000002c   Code   RO          441    !!handler_zi        c_t.l(__scatter_zi.o)(c_t.l)
    0x000001a8   0x00000004   Ven    RO          192    .ARM.Collect$$_printf_percent$$00000000  c_t.l(_printf_percent.o)(c_t.l)
    0x000001ac   0x00000000   Code   RO          192    .ARM.Collect$$_printf_percent$$00000000  c_t.l(_printf_percent.o)(c_t.l)
    0x000001ac   0x00000008   Code   RO          191    .ARM.Collect$$_printf_percent$$00000009  c_t.l(_printf_d.o)(c_t.l)
    0x000001b4   0x00000008   Code   RO          253    .ARM.Collect$$_printf_percent$$00000017  c_t.l(_printf_percent_end.o)(c_t.l)
    0x000001bc   0x00000008   Ven    RO          307    .ARM.Collect$$libinit$$00000000  c_t.l(libinit.o)(c_t.l)
    0x000001c4   0x00000006   Code   RO          307    .ARM.Collect$$libinit$$00000000  c_t.l(libinit.o)(c_t.l)
    0x000001ca   0x00000000   Code   RO          321    .ARM.Collect$$libinit$$00000006  c_t.l(libinit2.o)(c_t.l)
    0x000001ca   0x00000000   Code   RO          323    .ARM.Collect$$libinit$$00000008  c_t.l(libinit2.o)(c_t.l)
    0x000001ca   0x00000000   Code   RO          325    .ARM.Collect$$libinit$$0000000A  c_t.l(libinit2.o)(c_t.l)
    0x000001ca   0x00000000   Code   RO          328    .ARM.Collect$$libinit$$0000000D  c_t.l(libinit2.o)(c_t.l)
    0x000001ca   0x00000000   Code   RO          330    .ARM.Collect$$libinit$$0000000F  c_t.l(libinit2.o)(c_t.l)
    0x000001ca   0x00000000   Code   RO          332    .ARM.Collect$$libinit$$00000011  c_t.l(libinit2.o)(c_t.l)
    0x000001ca   0x00000000   Code   RO          334    .ARM.Collect$$libinit$$00000013  c_t.l(libinit2.o)(c_t.l)
    0x000001ca   0x00000000   Code   RO          336    .ARM.Collect$$libinit$$00000015  c_t.l(libinit2.o)(c_t.l)
    0x000001ca   0x00000000   Code   RO          338    .ARM.Collect$$libinit$$00000017  c_t.l(libinit2.o)(c_t.l)
    0x000001ca   0x00000000   Code   RO          340    .ARM.Collect$$libinit$$00000019  c_t.l(libinit2.o)(c_t.l)
    0x000001ca   0x00000000   Code   RO          342    .ARM.Collect$$libinit$$0000001B  c_t.l(libinit2.o)(c_t.l)
    0x000001ca   0x00000000   Code   RO          344    .ARM.Collect$$libinit$$0000001D  c_t.l(libinit2.o)(c_t.l)
    0x000001ca   0x00000000   Code   RO          346    .ARM.Collect$$libinit$$0000001F  c_t.l(libinit2.o)(c_t.l)
    0x000001ca   0x00000000   Code   RO          348    .ARM.Collect$$libinit$$00000021  c_t.l(libinit2.o)(c_t.l)
    0x000001ca   0x00000000   Code   RO          352    .ARM.Collect$$libinit$$00000028  c_t.l(libinit2.o)(c_t.l)
    0x000001ca   0x00000000   Code   RO          354    .ARM.Collect$$libinit$$0000002A  c_t.l(libinit2.o)(c_t.l)
    0x000001ca   0x00000000   Code   RO          356    .ARM.Collect$$libinit$$0000002C  c_t.l(libinit2.o)(c_t.l)
    0x000001ca   0x00000000   Code   RO          358    .ARM.Collect$$libinit$$0000002E  c_t.l(libinit2.o)(c_t.l)
    0x000001ca   0x0000000c   Code   RO          359    .ARM.Collect$$libinit$$0000002F  c_t.l(libinit2.o)(c_t.l)
    0x000001d6   0x00000002   PAD
    0x000001d8   0x00000008   Ven    RO          395    .ARM.Collect$$libshutdown$$00000000  c_t.l(libshutdown.o)(c_t.l)
    0x000001e0   0x00000004   Code   RO          395    .ARM.Collect$$libshutdown$$00000000  c_t.l(libshutdown.o)(c_t.l)
    0x000001e4   0x00000000   Code   RO          422    .ARM.Collect$$libshutdown$$00000003  c_t.l(libshutdown2.o)(c_t.l)
    0x000001e4   0x00000000   Code   RO          425    .ARM.Collect$$libshutdown$$00000006  c_t.l(libshutdown2.o)(c_t.l)
    0x000001e4   0x00000000   Code   RO          428    .ARM.Collect$$libshutdown$$00000009  c_t.l(libshutdown2.o)(c_t.l)
    0x000001e4   0x00000000   Code   RO          430    .ARM.Collect$$libshutdown$$0000000B  c_t.l(libshutdown2.o)(c_t.l)
    0x000001e4   0x00000000   Code   RO          433    .ARM.Collect$$libshutdown$$0000000E  c_t.l(libshutdown2.o)(c_t.l)
    0x000001e4   0x00000006   Code   RO          434    .ARM.Collect$$libshutdown$$0000000F  c_t.l(libshutdown2.o)(c_t.l)
    0x000001ea   0x00000002   PAD
    0x000001ec   0x00000000   Code   RO          241    .ARM.Collect$$rtentry$$00000000  c_t.l(rtentry.o)(c_t.l)
    0x000001ec   0x00000000   Code   RO          268    .ARM.Collect$$rtentry$$00000002  c_t.l(rtentry2.o)(c_t.l)
    0x000001ec   0x00000008   Code   RO          283    .ARM.Collect$$rtentry$$00000004  c_t.l(rtentry4.o)(c_t.l)
    0x000001f4   0x00000000   Code   RO          270    .ARM.Collect$$rtentry$$00000009  c_t.l(rtentry2.o)(c_t.l)
    0x000001f4   0x00000004   Code   RO          271    .ARM.Collect$$rtentry$$0000000A  c_t.l(rtentry2.o)(c_t.l)
    0x000001f8   0x00000000   Code   RO          273    .ARM.Collect$$rtentry$$0000000C  c_t.l(rtentry2.o)(c_t.l)
    0x000001f8   0x00000028   Code   RO          274    .ARM.Collect$$rtentry$$0000000D  c_t.l(rtentry2.o)(c_t.l)
    0x00000220   0x00000004   Ven    RO          311    .ARM.Collect$$rtexit$$00000000  c_t.l(rtexit.o)(c_t.l)
    0x00000224   0x00000004   Code   RO          311    .ARM.Collect$$rtexit$$00000000  c_t.l(rtexit.o)(c_t.l)
    0x00000228   0x00000000   Code   RO          365    .ARM.Collect$$rtexit$$00000002  c_t.l(rtexit2.o)(c_t.l)
    0x00000228   0x00000004   Code   RO          366    .ARM.Collect$$rtexit$$00000003  c_t.l(rtexit2.o)(c_t.l)
    0x0000022c   0x00000008   Code   RO          367    .ARM.Collect$$rtexit$$00000004  c_t.l(rtexit2.o)(c_t.l)
    0x00000234   0x00000020   Code   RO            4    .text               startup.o
    0x00000254   0x0000005c   Code   RO           11    .text               delay.o
    0x000002b0   0x00000538   Code   RO           33    .text               i2c.o
    0x000007e8   0x00000194   Code   RO           75    .text               kpm.o
    0x0000097c   0x00000380   Code   RO           95    .text               lcd.o
    0x00000cfc   0x000009a0   Code   RO          112    .text               project_main.o
    0x0000169c   0x00000314   Code   RO          142    .text               uart_int_test.o
    0x000019b0   0x00000008   Ven    RO          163    .text               c_t.l(noretval__2sprintf.o)(c_t.l)
    0x000019b8   0x00000028   Code   RO          163    .text               c_t.l(noretval__2sprintf.o)(c_t.l)
    0x000019e0   0x00000078   Code   RO          165    .text               c_t.l(__printf.o)(c_t.l)
    0x00001a58   0x00000008   Ven    RO          171    .text               c_t.l(_printf_dec.o)(c_t.l)
    0x00001a60   0x00000070   Code   RO          171    .text               c_t.l(_printf_dec.o)(c_t.l)
    0x00001ad0   0x00000008   Ven    RO          193    .text               c_t.l(strcpy.o)(c_t.l)
    0x00001ad8   0x00000050   Code   RO          193    .text               c_t.l(strcpy.o)(c_t.l)
    0x00001b28   0x000000a0   Code   RO          195    .text               c_t.l(strcmp.o)(c_t.l)
    0x00001bc8   0x00000180   Code   RO          197    .text               c_t.l(aeabi_sdiv.o)(c_t.l)
    0x00001d48   0x00000006   Code   RO          213    .text               c_t.l(heapauxi.o)(c_t.l)
    0x00001d4e   0x000000b6   Code   RO          247    .text               c_t.l(_printf_intcommon.o)(c_t.l)
    0x00001e04   0x00000030   Code   RO          249    .text               c_t.l(_printf_char_common.o)(c_t.l)
    0x00001e34   0x0000000a   Code   RO          251    .text               c_t.l(_sputc.o)(c_t.l)
    0x00001e3e   0x00000002   PAD
    0x00001e40   0x00000004   Ven    RO          254    .text               c_t.l(rtudiv10.o)(c_t.l)
    0x00001e44   0x0000002c   Code   RO          254    .text               c_t.l(rtudiv10.o)(c_t.l)
    0x00001e70   0x00000060   Code   RO          293    .text               c_t.l(sys_stackheap_outer.o)(c_t.l)
    0x00001ed0   0x0000000c   Code   RO          295    .text               c_t.l(exit.o)(c_t.l)
    0x00001edc   0x0000000c   Code   RO          308    .text               c_t.l(libspace.o)(c_t.l)
    0x00001ee8   0x00000008   Ven    RO          362    .text               c_t.l(sys_exit.o)(c_t.l)
    0x00001ef0   0x0000000c   Code   RO          362    .text               c_t.l(sys_exit.o)(c_t.l)
    0x00001efc   0x00000010   Code   RO          375    .text               c_t.l(rt_fp_status_addr_intlibspace.o)(c_t.l)
    0x00001f0c   0x00000004   Code   RO          385    .text               c_t.l(use_no_semi.o)(c_t.l)
    0x00001f10   0x00000024   Code   RO          198    .text_udiv          c_t.l(aeabi_sdiv.o)(c_t.l)
    0x00001f34   0x00000002   Code   RO          169    i.__ARM_common_call_via_r1  c_t.l(__printf.o)(c_t.l)
    0x00001f36   0x00000002   Code   RO          167    i.__ARM_common_call_via_r2  c_t.l(__printf.o)(c_t.l)
    0x00001f38   0x0000001c   Code   RO          256    x$fpl$dcmpinf       fz_ts.l(dcmpi.o)(fz_ts.l)
    0x00001f54   0x00000094   Code   RO          217    x$fpl$dleqf         fz_ts.l(dleqf.o)(fz_ts.l)
    0x00001fe8   0x000000c0   Code   RO          258    x$fpl$dnaninf       fz_ts.l(dnaninf.o)(fz_ts.l)
    0x000020a8   0x00000010   Code   RO          260    x$fpl$dretinf       fz_ts.l(dretinf.o)(fz_ts.l)
    0x000020b8   0x00000064   Code   RO          219    x$fpl$f2d           fz_ts.l(f2d.o)(fz_ts.l)
    0x0000211c   0x000000c4   Code   RO          221    x$fpl$fadd          fz_ts.l(faddsub_noclz.o)(fz_ts.l)
    0x000021e0   0x00000044   Code   RO          227    x$fpl$ffix          fz_ts.l(ffix.o)(fz_ts.l)
    0x00002224   0x00000054   Code   RO          231    x$fpl$ffixu         fz_ts.l(ffixu.o)(fz_ts.l)
    0x00002278   0x0000005c   Code   RO          236    x$fpl$fflt          fz_ts.l(fflt_noclz.o)(fz_ts.l)
    0x000022d4   0x00000008   Code   RO          235    x$fpl$ffltu         fz_ts.l(fflt_noclz.o)(fz_ts.l)
    0x000022dc   0x00000100   Code   RO          239    x$fpl$fmul          fz_ts.l(fmul.o)(fz_ts.l)
    0x000023dc   0x000000a8   Code   RO          262    x$fpl$fnaninf       fz_ts.l(fnaninf.o)(fz_ts.l)
    0x00002484   0x00000004   Ven    RO          360    x$fpl$fpinit        fz_ts.l(fpinit.o)(fz_ts.l)
    0x00002488   0x00000018   Code   RO          360    x$fpl$fpinit        fz_ts.l(fpinit.o)(fz_ts.l)
    0x000024a0   0x00000010   Code   RO          264    x$fpl$fretinf       fz_ts.l(fretinf.o)(fz_ts.l)
    0x000024b0   0x00000014   Code   RO          222    x$fpl$frsb          fz_ts.l(faddsub_noclz.o)(fz_ts.l)
    0x000024c4   0x00000130   Code   RO          223    x$fpl$fsub          fz_ts.l(faddsub_noclz.o)(fz_ts.l)
    0x000025f4   0x00000000   Code   RO          266    x$fpl$usenofp       fz_ts.l(usenofp.o)(fz_ts.l)
    0x000025f4   0x0000000c   Data   RO          113    .constdata          project_main.o
    0x00002600   0x0000001b   Data   RO          114    .conststring        project_main.o
    0x0000261b   0x00000001   PAD
    0x0000261c   0x00000020   Data   RO          435    Region$$Table       anon$$obj.o


    Execution Region RW_IRAM1 (Base: 0x40000000, Size: 0x00001548, Max: 0x00004000, ABSOLUTE)

    Base Addr    Size         Type   Attr      Idx    E Section Name        Object

    0x40000000   0x00000010   Data   RW           76    .data               kpm.o
    0x40000010   0x00000028   Data   RW          115    .data               project_main.o
    0x40000038   0x00000007   Data   RW          143    .data               uart_int_test.o
    0x4000003f   0x00000001   PAD
    0x40000040   0x0000000a   Zero   RW           26    .bss                globel.o
    0x4000004a   0x00000002   PAD
    0x4000004c   0x00001010   Zero   RW           34    .bss                i2c.o
    0x4000105c   0x00000060   Zero   RW          309    .bss                c_t.l(libspace.o)(c_t.l)
    0x400010bc   0x00000004   PAD
    0x400010c0   0x00000000   Zero   RW            2    HEAP                startup.o
    0x400010c0   0x00000488   Zero   RW            1    STACK               startup.o


==============================================================================

Image component sizes


      Code (inc. data)   RO Data    RW Data    ZI Data      Debug   Object Name

        92          8          0          0          0          0   delay.o
         0          0          0          0         10          0   globel.o
      1336         88          0          0       4112          0   i2c.o
       404          8          0         16          0          0   kpm.o
       896          8          0          0          0          0   lcd.o
      2464        504         39         40          0          0   project_main.o
       304         60          0          0       1160          0   startup.o
       788         36          0          7          0          0   uart_int_test.o

    ----------------------------------------------------------------------
      6284        712         72         64       5284          0   Object Totals
         0          0         32          0          0          0   (incl. Generated)
         0          0          1          1          2          2   (incl. Padding)

    ----------------------------------------------------------------------

      Code (inc. data)   RO Data    RW Data    ZI Data      Debug   Library Member Name

         8          0          0          0          0          0   __main.o
       124          0          0          0          0          0   __printf.o
        60          8          0          0          0          0   __scatter.o
        40          0          0          0          0          0   __scatter_copy.o
        44          0          0          0          0          0   __scatter_zi.o
        48          4          0          0          0          0   _printf_char_common.o
         8          0          0          0          0          0   _printf_d.o
       120         18          0          0          0          0   _printf_dec.o
       182          0          0          0          0          0   _printf_intcommon.o
         4          0          0          0          0          0   _printf_percent.o
         8          0          0          0          0          0   _printf_percent_end.o
        10          0          0          0          0          0   _sputc.o
       420          0          0          0          0          0   aeabi_sdiv.o
        12          0          0          0          0          0   exit.o
         6          0          0          0          0          0   heapauxi.o
        14          0          0          0          0          0   libinit.o
        12          0          0          0          0          0   libinit2.o
        12          0          0          0          0          0   libshutdown.o
         6          0          0          0          0          0   libshutdown2.o
        12          4          0          0         96          0   libspace.o
        48          4          0          0          0          0   noretval__2sprintf.o
        16          4          0          0          0          0   rt_fp_status_addr_intlibspace.o
         0          0          0          0          0          0   rtentry.o
        44          4          0          0          0          0   rtentry2.o
         8          0          0          0          0          0   rtentry4.o
         8          0          0          0          0          0   rtexit.o
        12          0          0          0          0          0   rtexit2.o
        48          0          0          0          0          0   rtudiv10.o
       160          4          0          0          0          0   strcmp.o
        88          6          0          0          0          0   strcpy.o
        20          4          0          0          0          0   sys_exit.o
        96          0          0          0          0          0   sys_stackheap_outer.o
         4          0          0          0          0          0   use_no_semi.o
        28          0          0          0          0          0   dcmpi.o
       148          4          0          0          0          0   dleqf.o
       192          0          0          0          0          0   dnaninf.o
        16          0          0          0          0          0   dretinf.o
       100          4          0          0          0          0   f2d.o
       520          8          0          0          0          0   faddsub_noclz.o
        68          4          0          0          0          0   ffix.o
        84          4          0          0          0          0   ffixu.o
       100          0          0          0          0          0   fflt_noclz.o
       256          4          0          0          0          0   fmul.o
       168          0          0          0          0          0   fnaninf.o
        28          0          0          0          0          0   fpinit.o
        16          0          0          0          0          0   fretinf.o
         0          0          0          0          0          0   usenofp.o

    ----------------------------------------------------------------------
      3432         88          0          0        100          0   Library Totals
         6          0          0          0          4          0   (incl. Padding)

    ----------------------------------------------------------------------

      Code (inc. data)   RO Data    RW Data    ZI Data      Debug   Library Name

      1702         60          0          0         96       1612   c_t.l
      1724         28          0          0          0       1292   fz_ts.l

    ----------------------------------------------------------------------
      3432         88          0          0        100          0   Library Totals

    ----------------------------------------------------------------------

==============================================================================


      Code (inc. data)   RO Data    RW Data    ZI Data      Debug   

      9716        800         72         64       5384      24128   Grand Totals
      9716        800         72         64       5384      24128   ELF Image Totals
      9716        800         72         64          0          0   ROM Totals

==============================================================================

    Total RO  Size (Code + RO Data)                 9788 (   9.56kB)
    Total RW  Size (RW Data + ZI Data)              5448 (   5.32kB)
    Total ROM Size (Code + RO Data + RW Data)       9852 (   9.62kB)

==============================================================================

