<html>
<body>
<pre>
<h1>µVision Build Log</h1>
<h2>Project:</h2>
E:\v24he4j4\RFID\Project_Main.uvproj
Project File Date:  05/02/2025

<h2>Output:</h2>
Build target 'Target 1'
compiling i2c.c...
compiling kpm.c...
compiling lcd.c...
compiling Project_Main.c...
compiling uart_int_test.c...
linking...
Program Size: Code=10360 RO-data=72 RW-data=64 ZI-data=5384  
FromELF: creating hex file...
"Project_Main.axf" - 0 Error(s), 0 Warning(s).
Build target 'Target 1'
compiling Project_Main.c...
linking...
Program Size: Code=10356 RO-data=72 RW-data=64 ZI-data=5384  
FromELF: creating hex file...
"Project_Main.axf" - 0 Error(s), 0 Warning(s).
Build target 'Target 1'
compiling Project_Main.c...
linking...
Program Size: Code=10304 RO-data=72 RW-data=64 ZI-data=5384  
FromELF: creating hex file...
"Project_Main.axf" - 0 Error(s), 0 Warning(s).
Build target 'Target 1'
compiling i2c.c...
compiling Project_Main.c...
Project_Main.c(135): error:  #137: expression must be a modifiable lvalue
Project_Main.c:                 repcardID=cardID;
Project_Main.c:                 ^
Project_Main.c: Project_Main.c: 0 warnings, 1 error
Target not created
Build target 'Target 1'
compiling Project_Main.c...
Project_Main.c(135): error:  #137: expression must be a modifiable lvalue
Project_Main.c:                 repcardID=cardID;
Project_Main.c:                 ^
Project_Main.c: Project_Main.c: 0 warnings, 1 error
Target not created
Build target 'Target 1'
compiling Project_Main.c...
Project_Main.c(135): error:  #137: expression must be a modifiable lvalue
Project_Main.c:                 repcardID=&cardID;
Project_Main.c:                 ^
Project_Main.c: Project_Main.c: 0 warnings, 1 error
Target not created
Build target 'Target 1'
compiling Project_Main.c...
Project_Main.c(135): error:  #137: expression must be a modifiable lvalue
Project_Main.c:                 repcardID=buff;
Project_Main.c:                 ^
Project_Main.c: Project_Main.c: 0 warnings, 1 error
Target not created
Build target 'Target 1'
compiling Project_Main.c...
Project_Main.c(61): warning:  #550-D: variable "repcardID" was set but never used
Project_Main.c:         char *repcardID[10];
Project_Main.c:               ^
Project_Main.c: Project_Main.c: 1 warning, 0 errors
linking...
Program Size: Code=10320 RO-data=72 RW-data=64 ZI-data=5384  
FromELF: creating hex file...
"Project_Main.axf" - 0 Error(s), 1 Warning(s).
Build target 'Target 1'
compiling Project_Main.c...
Project_Main.c(135): error:  #513: a value of type "char *" cannot be assigned to an entity of type "char"
Project_Main.c:                 *repcardID=buff;
Project_Main.c:                           ^
Project_Main.c: Project_Main.c: 0 warnings, 1 error
Target not created
Build target 'Target 1'
compiling Project_Main.c...
Project_Main.c(135): error:  #513: a value of type "char *" cannot be assigned to an entity of type "char"
Project_Main.c:                 *repcardID=buff;
Project_Main.c:                           ^
Project_Main.c(61): warning:  #550-D: variable "repcardID" was set but never used
Project_Main.c:         char repcardID[10];
Project_Main.c:              ^
Project_Main.c: Project_Main.c: 1 warning, 1 error
Target not created
Build target 'Target 1'
compiling Project_Main.c...
Project_Main.c(61): warning:  #550-D: variable "repcardID" was set but never used
Project_Main.c:         char *repcardID[10];
Project_Main.c:               ^
Project_Main.c: Project_Main.c: 1 warning, 0 errors
linking...
Program Size: Code=10320 RO-data=72 RW-data=64 ZI-data=5384  
FromELF: creating hex file...
"Project_Main.axf" - 0 Error(s), 1 Warning(s).
Build target 'Target 1'
compiling Project_Main.c...
linking...
Program Size: Code=10368 RO-data=72 RW-data=64 ZI-data=5384  
FromELF: creating hex file...
"Project_Main.axf" - 0 Error(s), 0 Warning(s).
Build target 'Target 1'
compiling Project_Main.c...
linking...
Program Size: Code=10416 RO-data=72 RW-data=64 ZI-data=5384  
FromELF: creating hex file...
"Project_Main.axf" - 0 Error(s), 0 Warning(s).
Build target 'Target 1'
compiling Project_Main.c...
Project_Main.c(61): warning:  #177-D: variable "repcardID" was declared but never referenced
Project_Main.c:         char *repcardID;
Project_Main.c:               ^
Project_Main.c(62): warning:  #177-D: variable "v" was declared but never referenced
Project_Main.c:         int v=0;
Project_Main.c:             ^
Project_Main.c: Project_Main.c: 2 warnings, 0 errors
linking...
Program Size: Code=10308 RO-data=72 RW-data=64 ZI-data=5384  
FromELF: creating hex file...
"Project_Main.axf" - 0 Error(s), 2 Warning(s).
Build target 'Target 1'
compiling Project_Main.c...
Project_Main.c(135): error:  #513: a value of type "char (*)[10]" cannot be assigned to an entity of type "char *"
Project_Main.c:                 repcardID=&buff;                
Project_Main.c:                          ^
Project_Main.c(61): warning:  #550-D: variable "repcardID" was set but never used
Project_Main.c:         char *repcardID;
Project_Main.c:               ^
Project_Main.c(62): warning:  #177-D: variable "v" was declared but never referenced
Project_Main.c:         int v=0;
Project_Main.c:             ^
Project_Main.c: Project_Main.c: 2 warnings, 1 error
Target not created
Build target 'Target 1'
compiling Project_Main.c...
Project_Main.c(61): warning:  #550-D: variable "repcardID" was set but never used
Project_Main.c:         char *repcardID;
Project_Main.c:               ^
Project_Main.c(62): warning:  #177-D: variable "v" was declared but never referenced
Project_Main.c:         int v=0;
Project_Main.c:             ^
Project_Main.c: Project_Main.c: 2 warnings, 0 errors
linking...
Program Size: Code=10312 RO-data=72 RW-data=64 ZI-data=5384  
FromELF: creating hex file...
"Project_Main.axf" - 0 Error(s), 2 Warning(s).
Build target 'Target 1'
compiling Project_Main.c...
Project_Main.c(61): warning:  #177-D: variable "repcardID" was declared but never referenced
Project_Main.c:         char *repcardID;
Project_Main.c:               ^
Project_Main.c(62): warning:  #177-D: variable "v" was declared but never referenced
Project_Main.c:         int v=0;
Project_Main.c:             ^
Project_Main.c: Project_Main.c: 2 warnings, 0 errors
linking...
Program Size: Code=10308 RO-data=72 RW-data=64 ZI-data=5384  
FromELF: creating hex file...
"Project_Main.axf" - 0 Error(s), 2 Warning(s).
Build target 'Target 1'
compiling Project_Main.c...
Project_Main.c(61): warning:  #177-D: variable "repcardID" was declared but never referenced
Project_Main.c:         char *repcardID[10];
Project_Main.c:               ^
Project_Main.c(62): warning:  #177-D: variable "v" was declared but never referenced
Project_Main.c:         int v=0;
Project_Main.c:             ^
Project_Main.c(82): warning:  #177-D: variable "status" was declared but never referenced
Project_Main.c:       u8 confirmPassword[PASSWORD_LENGTH + 1],status;
Project_Main.c:                                               ^
Project_Main.c: Project_Main.c: 3 warnings, 0 errors
linking...
Program Size: Code=10308 RO-data=72 RW-data=64 ZI-data=5384  
FromELF: creating hex file...
"Project_Main.axf" - 0 Error(s), 3 Warning(s).
Build target 'Target 1'
compiling Project_Main.c...
Project_Main.c(61): warning:  #177-D: variable "repcardID" was declared but never referenced
Project_Main.c:         char *repcardID[10];
Project_Main.c:               ^
Project_Main.c(62): warning:  #177-D: variable "v" was declared but never referenced
Project_Main.c:         int v=0;
Project_Main.c:             ^
Project_Main.c(82): warning:  #177-D: variable "status" was declared but never referenced
Project_Main.c:       u8 confirmPassword[PASSWORD_LENGTH + 1],status;
Project_Main.c:                                               ^
Project_Main.c: Project_Main.c: 3 warnings, 0 errors
linking...
Program Size: Code=10396 RO-data=72 RW-data=64 ZI-data=5384  
FromELF: creating hex file...
"Project_Main.axf" - 0 Error(s), 3 Warning(s).
Build target 'Target 1'
compiling Project_Main.c...
Project_Main.c(80): warning:  #177-D: variable "status" was declared but never referenced
Project_Main.c:       u8 confirmPassword[PASSWORD_LENGTH + 1],status;
Project_Main.c:                                               ^
Project_Main.c: Project_Main.c: 1 warning, 0 errors
linking...
Program Size: Code=10392 RO-data=72 RW-data=64 ZI-data=5384  
FromELF: creating hex file...
"Project_Main.axf" - 0 Error(s), 1 Warning(s).
Build target 'Target 1'
compiling Project_Main.c...
linking...
Program Size: Code=10392 RO-data=72 RW-data=64 ZI-data=5384  
FromELF: creating hex file...
"Project_Main.axf" - 0 Error(s), 0 Warning(s).
Build target 'Target 1'
assembling Startup.s...
compiling delay.c...
compiling globel.c...
compiling i2c.c...
compiling kpm.c...
compiling lcd.c...
compiling Project_Main.c...
compiling uart_int_test.c...
linking...
Program Size: Code=10392 RO-data=72 RW-data=64 ZI-data=5384  
FromELF: creating hex file...
"Project_Main.axf" - 0 Error(s), 0 Warning(s).
Build target 'Target 1'
assembling Startup.s...
compiling delay.c...
compiling globel.c...
compiling i2c.c...
compiling kpm.c...
compiling lcd.c...
compiling Project_Main.c...
compiling uart_int_test.c...
linking...
Program Size: Code=10408 RO-data=72 RW-data=64 ZI-data=5384  
FromELF: creating hex file...
"Project_Main.axf" - 0 Error(s), 0 Warning(s).
Build target 'Target 1'
compiling Project_Main.c...
linking...
Program Size: Code=10416 RO-data=72 RW-data=64 ZI-data=5384  
FromELF: creating hex file...
"Project_Main.axf" - 0 Error(s), 0 Warning(s).
Build target 'Target 1'
assembling Startup.s...
compiling delay.c...
compiling globel.c...
compiling i2c.c...
compiling kpm.c...
compiling lcd.c...
compiling Project_Main.c...
compiling uart_int_test.c...
linking...
Program Size: Code=10416 RO-data=72 RW-data=64 ZI-data=5384  
FromELF: creating hex file...
"Project_Main.axf" - 0 Error(s), 0 Warning(s).
Build target 'Target 1'
assembling Startup.s...
compiling delay.c...
compiling globel.c...
compiling i2c.c...
compiling kpm.c...
compiling lcd.c...
compiling Project_Main.c...
compiling uart_int_test.c...
linking...
Program Size: Code=10424 RO-data=72 RW-data=64 ZI-data=5384  
FromELF: creating hex file...
"Project_Main.axf" - 0 Error(s), 0 Warning(s).
Build target 'Target 1'
linking...
Program Size: Code=10424 RO-data=72 RW-data=64 ZI-data=5384  
FromELF: creating hex file...
"Project_Main.axf" - 0 Error(s), 0 Warning(s).
Build target 'Target 1'
assembling Startup.s...
compiling delay.c...
compiling globel.c...
compiling i2c.c...
compiling kpm.c...
compiling lcd.c...
compiling Project_Main.c...
compiling uart_int_test.c...
linking...
Program Size: Code=10424 RO-data=72 RW-data=64 ZI-data=5384  
FromELF: creating hex file...
"Project_Main.axf" - 0 Error(s), 0 Warning(s).
Build target 'Target 1'
compiling i2c.c...
linking...
Program Size: Code=10424 RO-data=72 RW-data=64 ZI-data=5384  
FromELF: creating hex file...
"Project_Main.axf" - 0 Error(s), 0 Warning(s).
Build target 'Target 1'
compiling i2c.c...
linking...
Program Size: Code=10432 RO-data=72 RW-data=64 ZI-data=5384  
FromELF: creating hex file...
"Project_Main.axf" - 0 Error(s), 0 Warning(s).
Build target 'Target 1'
compiling Project_Main.c...
linking...
Program Size: Code=10432 RO-data=72 RW-data=64 ZI-data=5384  
FromELF: creating hex file...
"Project_Main.axf" - 0 Error(s), 0 Warning(s).
